Component: ARM Compiler 5.06 update 4 (build 422) Tool: armlink [4d35d2]

==============================================================================

Section Cross References

    startup_stm32f429xx.o(STACK) refers (Special) to heapauxi.o(.text) for __use_two_region_memory
    startup_stm32f429xx.o(HEAP) refers (Special) to heapauxi.o(.text) for __use_two_region_memory
    startup_stm32f429xx.o(RESET) refers (Special) to heapauxi.o(.text) for __use_two_region_memory
    startup_stm32f429xx.o(RESET) refers to startup_stm32f429xx.o(STACK) for __initial_sp
    startup_stm32f429xx.o(RESET) refers to startup_stm32f429xx.o(.text) for Reset_Handler
    startup_stm32f429xx.o(RESET) refers to stm32f4xx_it.o(i.NMI_Handler) for NMI_Handler
    startup_stm32f429xx.o(RESET) refers to stm32f4xx_it.o(i.HardFault_Handler) for HardFault_Handler
    startup_stm32f429xx.o(RESET) refers to stm32f4xx_it.o(i.MemManage_Handler) for MemManage_Handler
    startup_stm32f429xx.o(RESET) refers to stm32f4xx_it.o(i.BusFault_Handler) for BusFault_Handler
    startup_stm32f429xx.o(RESET) refers to stm32f4xx_it.o(i.UsageFault_Handler) for UsageFault_Handler
    startup_stm32f429xx.o(RESET) refers to stm32f4xx_it.o(i.SVC_Handler) for SVC_Handler
    startup_stm32f429xx.o(RESET) refers to stm32f4xx_it.o(i.DebugMon_Handler) for DebugMon_Handler
    startup_stm32f429xx.o(RESET) refers to stm32f4xx_it.o(i.PendSV_Handler) for PendSV_Handler
    startup_stm32f429xx.o(RESET) refers to stm32f4xx_it.o(i.SysTick_Handler) for SysTick_Handler
    startup_stm32f429xx.o(.text) refers (Special) to heapauxi.o(.text) for __use_two_region_memory
    startup_stm32f429xx.o(.text) refers to system_stm32f4xx.o(i.SystemInit) for SystemInit
    startup_stm32f429xx.o(.text) refers to __main.o(!!!main) for __main
    startup_stm32f429xx.o(.text) refers to startup_stm32f429xx.o(HEAP) for Heap_Mem
    startup_stm32f429xx.o(.text) refers to startup_stm32f429xx.o(STACK) for Stack_Mem
    main.o(i.CreateAndWriteFile) refers to ff.o(i.f_open) for f_open
    main.o(i.CreateAndWriteFile) refers to ff.o(i.f_write) for f_write
    main.o(i.CreateAndWriteFile) refers to ff.o(i.f_close) for f_close
    main.o(i.CreateAndWriteFile) refers to main.o(.bss) for .bss
    main.o(i.CreateAndWriteFile) refers to main.o(.data) for .data
    main.o(i.Mount_SD) refers to ff.o(i.f_mount) for f_mount
    main.o(i.Mount_SD) refers to main.o(.bss) for .bss
    main.o(i.Mount_SD) refers to main.o(.data) for .data
    main.o(i.ReadFromFile) refers to ff.o(i.f_open) for f_open
    main.o(i.ReadFromFile) refers to ff.o(i.f_read) for f_read
    main.o(i.ReadFromFile) refers to ff.o(i.f_close) for f_close
    main.o(i.ReadFromFile) refers to main.o(.bss) for .bss
    main.o(i.ReadFromFile) refers to main.o(.data) for .data
    main.o(i.SystemClock_Config) refers to rt_memclr_w.o(.text) for __aeabi_memclr4
    main.o(i.SystemClock_Config) refers to stm32f4xx_hal_rcc.o(i.HAL_RCC_OscConfig) for HAL_RCC_OscConfig
    main.o(i.SystemClock_Config) refers to stm32f4xx_hal_pwr_ex.o(i.HAL_PWREx_EnableOverDrive) for HAL_PWREx_EnableOverDrive
    main.o(i.SystemClock_Config) refers to stm32f4xx_hal_rcc.o(i.HAL_RCC_ClockConfig) for HAL_RCC_ClockConfig
    main.o(i.WriteToSD_Sector) refers to stm32f4xx_hal_sd.o(i.HAL_SD_WriteBlocks) for HAL_SD_WriteBlocks
    main.o(i.WriteToSD_Sector) refers to main.o(.bss) for .bss
    main.o(i.format) refers to ff.o(i.f_mkfs) for f_mkfs
    main.o(i.format) refers to main.o(.bss) for .bss
    main.o(i.format) refers to main.o(.data) for .data
    main.o(i.main) refers to stm32f4xx_hal.o(i.HAL_Init) for HAL_Init
    main.o(i.main) refers to main.o(i.SystemClock_Config) for SystemClock_Config
    main.o(i.main) refers to main.o(i.MX_GPIO_Init) for MX_GPIO_Init
    main.o(i.main) refers to fatfs.o(i.MX_FATFS_Init) for MX_FATFS_Init
    main.o(i.main) refers to main.o(i.Mount_SD) for Mount_SD
    main.o(i.main) refers to stm32f4xx_hal_sd.o(i.HAL_SD_Init) for HAL_SD_Init
    main.o(i.main) refers to stm32f4xx_hal_sd.o(i.HAL_SD_GetCardInfo) for HAL_SD_GetCardInfo
    main.o(i.main) refers to stm32f4xx_hal_sd.o(i.HAL_SD_ReadBlocks) for HAL_SD_ReadBlocks
    main.o(i.main) refers to ff.o(i.f_mount) for f_mount
    main.o(i.main) refers to main.o(i.ReadFromFile) for ReadFromFile
    main.o(i.main) refers to main.o(i.WriteToSD_Sector) for WriteToSD_Sector
    main.o(i.main) refers to main.o(.bss) for .bss
    main.o(i.main) refers to main.o(.data) for .data
    bsp_driver_sd.o(i.BSP_SD_Erase) refers to stm32f4xx_hal_sd.o(i.HAL_SD_Erase) for HAL_SD_Erase
    bsp_driver_sd.o(i.BSP_SD_Erase) refers to main.o(.bss) for hsd
    bsp_driver_sd.o(i.BSP_SD_GetCardInfo) refers to stm32f4xx_hal_sd.o(i.HAL_SD_GetCardInfo) for HAL_SD_GetCardInfo
    bsp_driver_sd.o(i.BSP_SD_GetCardInfo) refers to main.o(.bss) for hsd
    bsp_driver_sd.o(i.BSP_SD_GetCardState) refers to stm32f4xx_hal_sd.o(i.HAL_SD_GetCardState) for HAL_SD_GetCardState
[...]
    ../Src/main.c                            0x00000000   Number         0  main.o ABSOLUTE
    ../Src/sd_diskio.c                       0x00000000   Number         0  sd_diskio.o ABSOLUTE
    ../Src/stm32f4xx_hal_msp.c               0x00000000   Number         0  stm32f4xx_hal_msp.o ABSOLUTE
    ../Src/stm32f4xx_it.c                    0x00000000   Number         0  stm32f4xx_it.o ABSOLUTE
    ../Src/system_stm32f4xx.c                0x00000000   Number         0  system_stm32f4xx.o ABSOLUTE
    ../clib/angel/boardlib.s                 0x00000000   Number         0  boardshut.o ABSOLUTE
    ../clib/angel/boardlib.s                 0x00000000   Number         0  boardinit3.o ABSOLUTE
    ../clib/angel/boardlib.s                 0x00000000   Number         0  boardinit2.o ABSOLUTE
    ../clib/angel/boardlib.s                 0x00000000   Number         0  boardinit1.o ABSOLUTE
    ../clib/angel/handlers.s                 0x00000000   Number         0  __scatter_zi.o ABSOLUTE
    ../clib/angel/handlers.s                 0x00000000   Number         0  __scatter_copy.o ABSOLUTE
    ../clib/angel/kernel.s                   0x00000000   Number         0  rtexit2.o ABSOLUTE
    ../clib/angel/kernel.s                   0x00000000   Number         0  rtexit.o ABSOLUTE
    ../clib/angel/kernel.s                   0x00000000   Number         0  __rtentry.o ABSOLUTE
    ../clib/angel/kernel.s                   0x00000000   Number         0  __rtentry4.o ABSOLUTE
    ../clib/angel/kernel.s                   0x00000000   Number         0  __rtentry2.o ABSOLUTE
    ../clib/angel/rt.s                       0x00000000   Number         0  aeabi_ldiv0_sigfpe.o ABSOLUTE
    ../clib/angel/rt.s                       0x00000000   Number         0  aeabi_ldiv0.o ABSOLUTE
    ../clib/angel/rt.s                       0x00000000   Number         0  rt_div0.o ABSOLUTE
    ../clib/angel/rt.s                       0x00000000   Number         0  rt_raise.o ABSOLUTE
    ../clib/angel/scatter.s                  0x00000000   Number         0  __scatter.o ABSOLUTE
    ../clib/angel/startup.s                  0x00000000   Number         0  __main.o ABSOLUTE
    ../clib/angel/sys.s                      0x00000000   Number         0  sys_stackheap_outer.o ABSOLUTE
    ../clib/angel/sys.s                      0x00000000   Number         0  libspace.o ABSOLUTE
    ../clib/angel/sys.s                      0x00000000   Number         0  use_no_semi.o ABSOLUTE
    ../clib/angel/sys.s                      0x00000000   Number         0  indicate_semi.o ABSOLUTE
    ../clib/angel/sysapp.c                   0x00000000   Number         0  sys_exit.o ABSOLUTE
    ../clib/angel/sysapp.c                   0x00000000   Number         0  sys_command.o ABSOLUTE
    ../clib/angel/sysapp.c                   0x00000000   Number         0  sys_wrch.o ABSOLUTE
    ../clib/armsys.c                         0x00000000   Number         0  _get_argv_nomalloc.o ABSOLUTE
    ../clib/armsys.c                         0x00000000   Number         0  no_argv.o ABSOLUTE
    ../clib/armsys.c                         0x00000000   Number         0  argv_veneer.o ABSOLUTE
    ../clib/armsys.c                         0x00000000   Number         0  argv_veneer.o ABSOLUTE
    ../clib/heapalloc.c                      0x00000000   Number         0  hrguard.o ABSOLUTE
    ../clib/heapaux.c                        0x00000000   Number         0  heapauxi.o ABSOLUTE
    ../clib/libinit.s                        0x00000000   Number         0  libshutdown.o ABSOLUTE
    ../clib/libinit.s                        0x00000000   Number         0  libinit.o ABSOLUTE
    ../clib/libinit.s                        0x00000000   Number         0  libinit2.o ABSOLUTE
    ../clib/libinit.s                        0x00000000   Number         0  libshutdown2.o ABSOLUTE
    ../clib/longlong.s                       0x00000000   Number         0  lludivv7m.o ABSOLUTE
    ../clib/memcpset.s                       0x00000000   Number         0  rt_memclr_w.o ABSOLUTE
    ../clib/signal.c                         0x00000000   Number         0  defsig_rtred_inner.o ABSOLUTE
    ../clib/signal.c                         0x00000000   Number         0  defsig_abrt_inner.o ABSOLUTE
    ../clib/signal.c                         0x00000000   Number         0  defsig_general.o ABSOLUTE
    ../clib/signal.c                         0x00000000   Number         0  __raise.o ABSOLUTE
    ../clib/signal.c                         0x00000000   Number         0  defsig_fpe_inner.o ABSOLUTE
    ../clib/signal.c                         0x00000000   Number         0  defsig_exit.o ABSOLUTE
    ../clib/signal.c                         0x00000000   Number         0  defsig_fpe_formal.o ABSOLUTE
    ../clib/signal.c                         0x00000000   Number         0  defsig_pvfn_inner.o ABSOLUTE
    ../clib/signal.c                         0x00000000   Number         0  defsig_fpe_outer.o ABSOLUTE
    ../clib/signal.c                         0x00000000   Number         0  defsig_stak_inner.o ABSOLUTE
    ../clib/signal.c                         0x00000000   Number         0  defsig_rtmem_formal.o ABSOLUTE
    ../clib/signal.c                         0x00000000   Number         0  defsig_rtmem_outer.o ABSOLUTE
    ../clib/signal.c                         0x00000000   Number         0  defsig_rtmem_inner.o ABSOLUTE
    ../clib/signal.c                         0x00000000   Number         0  defsig_other.o ABSOLUTE
    ../clib/signal.c                         0x00000000   Number         0  defsig_segv_inner.o ABSOLUTE
    ../clib/signal.c                         0x00000000   Number         0  defsig_cppl_inner.o ABSOLUTE
    ../clib/signal.s                         0x00000000   Number         0  defsig.o ABSOLUTE
    ../clib/stdlib.c                         0x00000000   Number         0  exit.o ABSOLUTE
    ../fplib/fpinit.s                        0x00000000   Number         0  fpinit.o ABSOLUTE
    ..\Drivers\STM32F4xx_HAL_Driver\Src\stm32f4xx_hal.c 0x00000000   Number         0  stm32f4xx_hal.o ABSOLUTE
    ..\Drivers\STM32F4xx_HAL_Driver\Src\stm32f4xx_hal_cortex.c 0x00000000   Number         0  stm32f4xx_hal_cortex.o ABSOLUTE
    ..\Drivers\STM32F4xx_HAL_Driver\Src\stm32f4xx_hal_dma.c 0x00000000   Number         0  stm32f4xx_hal_dma.o ABSOLUTE
    ..\Drivers\STM32F4xx_HAL_Driver\Src\stm32f4xx_hal_dma_ex.c 0x00000000   Number         0  stm32f4xx_hal_dma_ex.o ABSOLUTE
    ..\Drivers\STM32F4xx_HAL_Driver\Src\stm32f4xx_hal_exti.c 0x00000000   Number         0  stm32f4xx_hal_exti.o ABSOLUTE
    ..\Drivers\STM32F4xx_HAL_Driver\Src\stm32f4xx_hal_flash.c 0x00000000   Number         0  stm32f4xx_hal_flash.o ABSOLUTE
    ..\Drivers\STM32F4xx_HAL_Driver\Src\stm32f4xx_hal_flash_ex.c 0x00000000   Number         0  stm32f4xx_hal_flash_ex.o ABSOLUTE
    ..\Drivers\STM32F4xx_HAL_Driver\Src\stm32f4xx_hal_flash_ramfunc.c 0x00000000   Number         0  stm32f4xx_hal_flash_ramfunc.o ABSOLUTE
    ..\Drivers\STM32F4xx_HAL_Driver\Src\stm32f4xx_hal_gpio.c 0x00000000   Number         0  stm32f4xx_hal_gpio.o ABSOLUTE
    ..\Drivers\STM32F4xx_HAL_Driver\Src\stm32f4xx_hal_pwr.c 0x00000000   Number         0  stm32f4xx_hal_pwr.o ABSOLUTE
    ..\Drivers\STM32F4xx_HAL_Driver\Src\stm32f4xx_hal_pwr_ex.c 0x00000000   Number         0  stm32f4xx_hal_pwr_ex.o ABSOLUTE
    ..\Drivers\STM32F4xx_HAL_Driver\Src\stm32f4xx_hal_rcc.c 0x00000000   Number         0  stm32f4xx_hal_rcc.o ABSOLUTE
    ..\Drivers\STM32F4xx_HAL_Driver\Src\stm32f4xx_hal_rcc_ex.c 0x00000000   Number         0  stm32f4xx_hal_rcc_ex.o ABSOLUTE
    ..\Drivers\STM32F4xx_HAL_Driver\Src\stm32f4xx_hal_sd.c 0x00000000   Number         0  stm32f4xx_hal_sd.o ABSOLUTE
    ..\Drivers\STM32F4xx_HAL_Driver\Src\stm32f4xx_hal_tim.c 0x00000000   Number         0  stm32f4xx_hal_tim.o ABSOLUTE
    ..\Drivers\STM32F4xx_HAL_Driver\Src\stm32f4xx_hal_tim_ex.c 0x00000000   Number         0  stm32f4xx_hal_tim_ex.o ABSOLUTE
    ..\Drivers\STM32F4xx_HAL_Driver\Src\stm32f4xx_ll_sdmmc.c 0x00000000   Number         0  stm32f4xx_ll_sdmmc.o ABSOLUTE
    ..\Middlewares\Third_Party\FatFs\src\diskio.c 0x00000000   Number         0  diskio.o ABSOLUTE
    ..\Middlewares\Third_Party\FatFs\src\ff.c 0x00000000   Number         0  ff.o ABSOLUTE
    ..\Middlewares\Third_Party\FatFs\src\ff_gen_drv.c 0x00000000   Number         0  ff_gen_drv.o ABSOLUTE
    ..\Middlewares\Third_Party\FatFs\src\option\syscall.c 0x00000000   Number         0  syscall.o ABSOLUTE
    ..\Src\bsp_driver_sd.c                   0x00000000   Number         0  bsp_driver_sd.o ABSOLUTE
    ..\Src\fatfs.c                           0x00000000   Number         0  fatfs.o ABSOLUTE
    ..\Src\main.c                            0x00000000   Number         0  main.o ABSOLUTE
    ..\Src\sd_diskio.c                       0x00000000   Number         0  sd_diskio.o ABSOLUTE
    ..\Src\stm32f4xx_hal_msp.c               0x00000000   Number         0  stm32f4xx_hal_msp.o ABSOLUTE
    ..\Src\stm32f4xx_it.c                    0x00000000   Number         0  stm32f4xx_it.o ABSOLUTE
    ..\Src\system_stm32f4xx.c                0x00000000   Number         0  system_stm32f4xx.o ABSOLUTE
    dc.s                                     0x00000000   Number         0  dc.o ABSOLUTE
    startup_stm32f429xx.s                    0x00000000   Number         0  startup_stm32f429xx.o ABSOLUTE
    RESET                                    0x08000000   Section      428  startup_stm32f429xx.o(RESET)
    !!!main                                  0x080001ac   Section        8  __main.o(!!!main)
    !!!scatter                               0x080001b4   Section       52  __scatter.o(!!!scatter)
    !!handler_copy                           0x080001e8   Section       26  __scatter_copy.o(!!handler_copy)
    !!handler_zi                             0x08000204   Section       28  __scatter_zi.o(!!handler_zi)
    .ARM.Collect$$libinit$$00000000          0x08000220   Section        2  libinit.o(.ARM.Collect$$libinit$$00000000)
    .ARM.Collect$$libinit$$00000001          0x08000222   Section        4  libinit2.o(.ARM.Collect$$libinit$$00000001)
    .ARM.Collect$$libinit$$00000004          0x08000226   Section        0  libinit2.o(.ARM.Collect$$libinit$$00000004)
    .ARM.Collect$$libinit$$0000000A          0x08000226   Section        0  libinit2.o(.ARM.Collect$$libinit$$0000000A)
    .ARM.Collect$$libinit$$0000000C          0x08000226   Section        0  libinit2.o(.ARM.Collect$$libinit$$0000000C)
    .ARM.Collect$$libinit$$0000000E          0x08000226   Section        0  libinit2.o(.ARM.Collect$$libinit$$0000000E)
    .ARM.Collect$$libinit$$00000011          0x08000226   Section        0  libinit2.o(.ARM.Collect$$libinit$$00000011)
    .ARM.Collect$$libinit$$00000013          0x08000226   Section        0  libinit2.o(.ARM.Collect$$libinit$$00000013)
    .ARM.Collect$$libinit$$00000015          0x08000226   Section        0  libinit2.o(.ARM.Collect$$libinit$$00000015)
    .ARM.Collect$$libinit$$00000017          0x08000226   Section        0  libinit2.o(.ARM.Collect$$libinit$$00000017)
    .ARM.Collect$$libinit$$00000019          0x08000226   Section        0  libinit2.o(.ARM.Collect$$libinit$$00000019)
    .ARM.Collect$$libinit$$0000001B          0x08000226   Section        0  libinit2.o(.ARM.Collect$$libinit$$0000001B)
    .ARM.Collect$$libinit$$0000001D          0x08000226   Section        0  libinit2.o(.ARM.Collect$$libinit$$0000001D)
    .ARM.Collect$$libinit$$0000001F          0x08000226   Section        0  libinit2.o(.ARM.Collect$$libinit$$0000001F)
    .ARM.Collect$$libinit$$00000021          0x08000226   Section        0  libinit2.o(.ARM.Collect$$libinit$$00000021)
    .ARM.Collect$$libinit$$00000023          0x08000226   Section        0  libinit2.o(.ARM.Collect$$libinit$$00000023)
    .ARM.Collect$$libinit$$00000025          0x08000226   Section        0  libinit2.o(.ARM.Collect$$libinit$$00000025)
    .ARM.Collect$$libinit$$0000002C          0x08000226   Section        0  libinit2.o(.ARM.Collect$$libinit$$0000002C)
    .ARM.Collect$$libinit$$0000002E          0x08000226   Section        0  libinit2.o(.ARM.Collect$$libinit$$0000002E)
    .ARM.Collect$$libinit$$00000030          0x08000226   Section        0  libinit2.o(.ARM.Collect$$libinit$$00000030)
    .ARM.Collect$$libinit$$00000032          0x08000226   Section        0  libinit2.o(.ARM.Collect$$libinit$$00000032)
    .ARM.Collect$$libinit$$00000033          0x08000226   Section        2  libinit2.o(.ARM.Collect$$libinit$$00000033)
    .ARM.Collect$$libshutdown$$00000000      0x08000228   Section        2  libshutdown.o(.ARM.Collect$$libshutdown$$00000000)
    .ARM.Collect$$libshutdown$$00000002      0x0800022a   Section        0  libshutdown2.o(.ARM.Collect$$libshutdown$$00000002)
    .ARM.Collect$$libshutdown$$00000004      0x0800022a   Section        0  libshutdown2.o(.ARM.Collect$$libshutdown$$00000004)
    .ARM.Collect$$libshutdown$$00000007      0x0800022a   Section        0  libshutdown2.o(.ARM.Collect$$libshutdown$$00000007)
    .ARM.Collect$$libshutdown$$0000000A      0x0800022a   Section        0  libshutdown2.o(.ARM.Collect$$libshutdown$$0000000A)
    .ARM.Collect$$libshutdown$$0000000C      0x0800022a   Section        0  libshutdown2.o(.ARM.Collect$$libshutdown$$0000000C)
    .ARM.Collect$$libshutdown$$0000000F      0x0800022a   Section        0  libshutdown2.o(.ARM.Collect$$libshutdown$$0000000F)
    .ARM.Collect$$libshutdown$$00000010      0x0800022a   Section        2  libshutdown2.o(.ARM.Collect$$libshutdown$$00000010)
    .ARM.Collect$$rtentry$$00000000          0x0800022c   Section        0  __rtentry.o(.ARM.Collect$$rtentry$$00000000)
    .ARM.Collect$$rtentry$$00000002          0x0800022c   Section        0  __rtentry2.o(.ARM.Collect$$rtentry$$00000002)
    .ARM.Collect$$rtentry$$00000004          0x0800022c   Section        6  __rtentry4.o(.ARM.Collect$$rtentry$$00000004)
    .ARM.Collect$$rtentry$$00000009          0x08000232   Section        0  __rtentry2.o(.ARM.Collect$$rtentry$$00000009)
    .ARM.Collect$$rtentry$$0000000A          0x08000232   Section        4  __rtentry2.o(.ARM.Collect$$rtentry$$0000000A)
    .ARM.Collect$$rtentry$$0000000C          0x08000236   Section        0  __rtentry2.o(.ARM.Collect$$rtentry$$0000000C)
    .ARM.Collect$$rtentry$$0000000D          0x08000236   Section        8  __rtentry2.o(.ARM.Collect$$rtentry$$0000000D)
    .ARM.Collect$$rtexit$$00000000           0x0800023e   Section        2  rtexit.o(.ARM.Collect$$rtexit$$00000000)
    .ARM.Collect$$rtexit$$00000002           0x08000240   Section        0  rtexit2.o(.ARM.Collect$$rtexit$$00000002)
    .ARM.Collect$$rtexit$$00000003           0x08000240   Section        4  rtexit2.o(.ARM.Collect$$rtexit$$00000003)
    .ARM.Collect$$rtexit$$00000004           0x08000244   Section        6  rtexit2.o(.ARM.Collect$$rtexit$$00000004)
    .text                                    0x0800024c   Section       64  startup_stm32f429xx.o(.text)
    $v0                                      0x0800024c   Number         0  startup_stm32f429xx.o(.text)
    .text                                    0x0800028c   Section      238  lludivv7m.o(.text)
    .text                                    0x0800037a   Section       78  rt_memclr_w.o(.text)
    .text                                    0x080003c8   Section        0  heapauxi.o(.text)
    .text                                    0x080003ce   Section       74  sys_stackheap_outer.o(.text)
    .text                                    0x08000418   Section        0  exit.o(.text)
    .text                                    0x0800042c   Section        8  libspace.o(.text)
    .text                                    0x08000434   Section        0  sys_exit.o(.text)
    .text                                    0x08000440   Section        2  use_no_semi.o(.text)
    .text                                    0x08000442   Section        0  indicate_semi.o(.text)
    i.BSP_SD_GetCardInfo                     0x08000444   Section        0  bsp_driver_sd.o(i.BSP_SD_GetCardInfo)
    i.BSP_SD_GetCardState                    0x08000450   Section        0  bsp_driver_sd.o(i.BSP_SD_GetCardState)
    i.BSP_SD_Init                            0x08000468   Section        0  bsp_driver_sd.o(i.BSP_SD_Init)
    i.BSP_SD_IsDetected                      0x08000498   Section        0  bsp_driver_sd.o(i.BSP_SD_IsDetected)
    i.BSP_SD_ReadBlocks                      0x080004a8   Section        0  bsp_driver_sd.o(i.BSP_SD_ReadBlocks)
    i.BSP_SD_WriteBlocks                     0x080004c8   Section        0  bsp_driver_sd.o(i.BSP_SD_WriteBlocks)
    i.BusFault_Handler                       0x080004e8   Section        0  stm32f4xx_it.o(i.BusFault_Handler)
    i.DebugMon_Handler                       0x080004ea   Section        0  stm32f4xx_it.o(i.DebugMon_Handler)
    i.FATFS_LinkDriver                       0x080004ec   Section        0  ff_gen_drv.o(i.FATFS_LinkDriver)
    i.FATFS_LinkDriverEx                     0x080004f4   Section        0  ff_gen_drv.o(i.FATFS_LinkDriverEx)
    i.HAL_Delay                              0x08000534   Section        0  stm32f4xx_hal.o(i.HAL_Delay)
    i.HAL_GPIO_Init                          0x08000558   Section        0  stm32f4xx_hal_gpio.o(i.HAL_GPIO_Init)
    i.HAL_GetTick                            0x0800078c   Section        0  stm32f4xx_hal.o(i.HAL_GetTick)
    i.HAL_IncTick                            0x08000798   Section        0  stm32f4xx_hal.o(i.HAL_IncTick)
    i.HAL_Init                               0x080007a8   Section        0  stm32f4xx_hal.o(i.HAL_Init)
    i.HAL_InitTick                           0x080007dc   Section        0  stm32f4xx_hal.o(i.HAL_InitTick)
    i.HAL_MspInit                            0x0800081c   Section        0  stm32f4xx_hal_msp.o(i.HAL_MspInit)
    i.HAL_NVIC_SetPriority                   0x0800084c   Section        0  stm32f4xx_hal_cortex.o(i.HAL_NVIC_SetPriority)
    i.HAL_NVIC_SetPriorityGrouping           0x0800088c   Section        0  stm32f4xx_hal_cortex.o(i.HAL_NVIC_SetPriorityGrouping)
    i.HAL_PWREx_EnableOverDrive              0x080008b0   Section        0  stm32f4xx_hal_pwr_ex.o(i.HAL_PWREx_EnableOverDrive)
    i.HAL_RCC_ClockConfig                    0x08000920   Section        0  stm32f4xx_hal_rcc.o(i.HAL_RCC_ClockConfig)
    i.HAL_RCC_GetSysClockFreq                0x08000a54   Section        0  stm32f4xx_hal_rcc.o(i.HAL_RCC_GetSysClockFreq)
    i.HAL_RCC_OscConfig                      0x08000ab8   Section        0  stm32f4xx_hal_rcc.o(i.HAL_RCC_OscConfig)
    i.HAL_SD_ConfigWideBusOperation          0x08000e24   Section        0  stm32f4xx_hal_sd.o(i.HAL_SD_ConfigWideBusOperation)
    i.HAL_SD_GetCardCSD                      0x08000f3c   Section        0  stm32f4xx_hal_sd.o(i.HAL_SD_GetCardCSD)
    i.HAL_SD_GetCardInfo                     0x080010d4   Section        0  stm32f4xx_hal_sd.o(i.HAL_SD_GetCardInfo)
    i.HAL_SD_GetCardState                    0x080010f8   Section        0  stm32f4xx_hal_sd.o(i.HAL_SD_GetCardState)
    i.HAL_SD_Init                            0x08001124   Section        0  stm32f4xx_hal_sd.o(i.HAL_SD_Init)
    i.HAL_SD_InitCard                        0x0800115c   Section        0  stm32f4xx_hal_sd.o(i.HAL_SD_InitCard)
    i.HAL_SD_MspInit                         0x080011d8   Section        0  stm32f4xx_hal_msp.o(i.HAL_SD_MspInit)
    i.HAL_SD_ReadBlocks                      0x0800126c   Section        0  stm32f4xx_hal_sd.o(i.HAL_SD_ReadBlocks)
    i.HAL_SD_WriteBlocks                     0x0800144c   Section        0  stm32f4xx_hal_sd.o(i.HAL_SD_WriteBlocks)
    i.HAL_SYSTICK_Config                     0x080015fc   Section        0  stm32f4xx_hal_cortex.o(i.HAL_SYSTICK_Config)
    i.HardFault_Handler                      0x08001624   Section        0  stm32f4xx_it.o(i.HardFault_Handler)
    i.MX_FATFS_Init                          0x08001628   Section        0  fatfs.o(i.MX_FATFS_Init)
    i.MX_GPIO_Init                           0x08001644   Section        0  main.o(i.MX_GPIO_Init)
    MX_GPIO_Init                             0x08001645   Thumb Code    70  main.o(i.MX_GPIO_Init)
    i.MemManage_Handler                      0x08001690   Section        0  stm32f4xx_it.o(i.MemManage_Handler)
    i.Mount_SD                               0x08001694   Section        0  main.o(i.Mount_SD)
    i.NMI_Handler                            0x080016b4   Section        0  stm32f4xx_it.o(i.NMI_Handler)
    i.PendSV_Handler                         0x080016b6   Section        0  stm32f4xx_it.o(i.PendSV_Handler)
    i.ReadFromFile                           0x080016b8   Section        0  main.o(i.ReadFromFile)
    i.SDIO_ConfigData                        0x0800170c   Section        0  stm32f4xx_ll_sdmmc.o(i.SDIO_ConfigData)
    i.SDIO_GetPowerState                     0x08001730   Section        0  stm32f4xx_ll_sdmmc.o(i.SDIO_GetPowerState)
    i.SDIO_GetResponse                       0x08001738   Section        0  stm32f4xx_ll_sdmmc.o(i.SDIO_GetResponse)
    i.SDIO_Init                              0x0800173e   Section        0  stm32f4xx_ll_sdmmc.o(i.SDIO_Init)
    i.SDIO_PowerState_ON                     0x08001762   Section        0  stm32f4xx_ll_sdmmc.o(i.SDIO_PowerState_ON)
    i.SDIO_ReadFIFO                          0x0800176a   Section        0  stm32f4xx_ll_sdmmc.o(i.SDIO_ReadFIFO)
    i.SDIO_SendCommand                       0x08001770   Section        0  stm32f4xx_ll_sdmmc.o(i.SDIO_SendCommand)
    i.SDIO_WriteFIFO                         0x08001790   Section        0  stm32f4xx_ll_sdmmc.o(i.SDIO_WriteFIFO)
    i.SDMMC_CmdAppCommand                    0x0800179a   Section        0  stm32f4xx_ll_sdmmc.o(i.SDMMC_CmdAppCommand)
    i.SDMMC_CmdAppOperCommand                0x080017cc   Section        0  stm32f4xx_ll_sdmmc.o(i.SDMMC_CmdAppOperCommand)
    i.SDMMC_CmdBlockLength                   0x08001800   Section        0  stm32f4xx_ll_sdmmc.o(i.SDMMC_CmdBlockLength)
    i.SDMMC_CmdBusWidth                      0x08001832   Section        0  stm32f4xx_ll_sdmmc.o(i.SDMMC_CmdBusWidth)
    i.SDMMC_CmdGoIdleState                   0x08001864   Section        0  stm32f4xx_ll_sdmmc.o(i.SDMMC_CmdGoIdleState)
    i.SDMMC_CmdOperCond                      0x080018b4   Section        0  stm32f4xx_ll_sdmmc.o(i.SDMMC_CmdOperCond)
    i.SDMMC_CmdReadMultiBlock                0x080018e4   Section        0  stm32f4xx_ll_sdmmc.o(i.SDMMC_CmdReadMultiBlock)
    i.SDMMC_CmdReadSingleBlock               0x08001916   Section        0  stm32f4xx_ll_sdmmc.o(i.SDMMC_CmdReadSingleBlock)
    i.SDMMC_CmdSelDesel                      0x08001948   Section        0  stm32f4xx_ll_sdmmc.o(i.SDMMC_CmdSelDesel)
    i.SDMMC_CmdSendCID                       0x0800197a   Section        0  stm32f4xx_ll_sdmmc.o(i.SDMMC_CmdSendCID)
    i.SDMMC_CmdSendCSD                       0x080019a6   Section        0  stm32f4xx_ll_sdmmc.o(i.SDMMC_CmdSendCSD)
    i.SDMMC_CmdSendSCR                       0x080019d2   Section        0  stm32f4xx_ll_sdmmc.o(i.SDMMC_CmdSendSCR)
    i.SDMMC_CmdSendStatus                    0x08001a02   Section        0  stm32f4xx_ll_sdmmc.o(i.SDMMC_CmdSendStatus)
    i.SDMMC_CmdSetRelAdd                     0x08001a34   Section        0  stm32f4xx_ll_sdmmc.o(i.SDMMC_CmdSetRelAdd)
    i.SDMMC_CmdStopTransfer                  0x08001a64   Section        0  stm32f4xx_ll_sdmmc.o(i.SDMMC_CmdStopTransfer)
    i.SDMMC_CmdWriteMultiBlock               0x08001a98   Section        0  stm32f4xx_ll_sdmmc.o(i.SDMMC_CmdWriteMultiBlock)
    i.SDMMC_CmdWriteSingleBlock              0x08001aca   Section        0  stm32f4xx_ll_sdmmc.o(i.SDMMC_CmdWriteSingleBlock)
    i.SDMMC_GetCmdResp1                      0x08001afc   Section        0  stm32f4xx_ll_sdmmc.o(i.SDMMC_GetCmdResp1)
    i.SDMMC_GetCmdResp2                      0x08001c1c   Section        0  stm32f4xx_ll_sdmmc.o(i.SDMMC_GetCmdResp2)
    i.SDMMC_GetCmdResp3                      0x08001c6c   Section        0  stm32f4xx_ll_sdmmc.o(i.SDMMC_GetCmdResp3)
    i.SDMMC_GetCmdResp6                      0x08001cb0   Section        0  stm32f4xx_ll_sdmmc.o(i.SDMMC_GetCmdResp6)
    i.SDMMC_GetCmdResp7                      0x08001d38   Section        0  stm32f4xx_ll_sdmmc.o(i.SDMMC_GetCmdResp7)
    i.SD_CheckStatus                         0x08001d90   Section        0  sd_diskio.o(i.SD_CheckStatus)
    SD_CheckStatus                           0x08001d91   Thumb Code    26  sd_diskio.o(i.SD_CheckStatus)
    i.SD_FindSCR                             0x08001db0   Section        0  stm32f4xx_hal_sd.o(i.SD_FindSCR)
    SD_FindSCR                               0x08001db1   Thumb Code   224  stm32f4xx_hal_sd.o(i.SD_FindSCR)
    i.SD_InitCard                            0x08001e90   Section        0  stm32f4xx_hal_sd.o(i.SD_InitCard)
    SD_InitCard                              0x08001e91   Thumb Code   238  stm32f4xx_hal_sd.o(i.SD_InitCard)
    i.SD_PowerON                             0x08001f80   Section        0  stm32f4xx_hal_sd.o(i.SD_PowerON)
    SD_PowerON                               0x08001f81   Thumb Code   174  stm32f4xx_hal_sd.o(i.SD_PowerON)
    i.SD_initialize                          0x08002034   Section        0  sd_diskio.o(i.SD_initialize)
    i.SD_ioctl                               0x08002054   Section        0  sd_diskio.o(i.SD_ioctl)
    i.SD_read                                0x080020a4   Section        0  sd_diskio.o(i.SD_read)
    i.SD_status                              0x080020ca   Section        0  sd_diskio.o(i.SD_status)
    i.SD_write                               0x080020d0   Section        0  sd_diskio.o(i.SD_write)
    i.SVC_Handler                            0x080020f6   Section        0  stm32f4xx_it.o(i.SVC_Handler)
    i.SysTick_Handler                        0x080020f8   Section        0  stm32f4xx_it.o(i.SysTick_Handler)
    i.SystemClock_Config                     0x080020fc   Section        0  main.o(i.SystemClock_Config)
    i.SystemInit                             0x08002198   Section        0  system_stm32f4xx.o(i.SystemInit)
    i.UsageFault_Handler                     0x080021a8   Section        0  stm32f4xx_it.o(i.UsageFault_Handler)
    i.WriteToSD_Sector                       0x080021ac   Section        0  main.o(i.WriteToSD_Sector)
    i.__NVIC_SetPriority                     0x080021c4   Section        0  stm32f4xx_hal_cortex.o(i.__NVIC_SetPriority)
    __NVIC_SetPriority                       0x080021c5   Thumb Code    32  stm32f4xx_hal_cortex.o(i.__NVIC_SetPriority)
    i.check_fs                               0x080021e4   Section        0  ff.o(i.check_fs)
    check_fs                                 0x080021e5   Thumb Code   102  ff.o(i.check_fs)
    i.chk_lock                               0x08002254   Section        0  ff.o(i.chk_lock)
    chk_lock                                 0x08002255   Thumb Code    86  ff.o(i.chk_lock)
    i.clear_lock                             0x080022b0   Section        0  ff.o(i.clear_lock)
    clear_lock                               0x080022b1   Thumb Code    28  ff.o(i.clear_lock)
    i.clmt_clust                             0x080022d0   Section        0  ff.o(i.clmt_clust)
    clmt_clust                               0x080022d1   Thumb Code    38  ff.o(i.clmt_clust)
    i.clust2sect                             0x080022f6   Section        0  ff.o(i.clust2sect)
    clust2sect                               0x080022f7   Thumb Code    24  ff.o(i.clust2sect)
    i.create_chain                           0x0800230e   Section        0  ff.o(i.create_chain)
    create_chain                             0x0800230f   Thumb Code   164  ff.o(i.create_chain)
    i.create_name                            0x080023b4   Section        0  ff.o(i.create_name)
    create_name                              0x080023b5   Thumb Code   168  ff.o(i.create_name)
    i.dec_lock                               0x08002470   Section        0  ff.o(i.dec_lock)
    dec_lock                                 0x08002471   Thumb Code    48  ff.o(i.dec_lock)
    i.dir_find                               0x080024a4   Section        0  ff.o(i.dir_find)
    dir_find                                 0x080024a5   Thumb Code   100  ff.o(i.dir_find)
    i.dir_next                               0x08002508   Section        0  ff.o(i.dir_next)
    dir_next                                 0x08002509   Thumb Code   258  ff.o(i.dir_next)
    i.dir_register                           0x0800260a   Section        0  ff.o(i.dir_register)
    dir_register                             0x0800260b   Thumb Code   102  ff.o(i.dir_register)
    i.dir_sdi                                0x08002670   Section        0  ff.o(i.dir_sdi)
    dir_sdi                                  0x08002671   Thumb Code   142  ff.o(i.dir_sdi)
    i.disk_initialize                        0x08002700   Section        0  diskio.o(i.disk_initialize)
    i.disk_ioctl                             0x0800272c   Section        0  diskio.o(i.disk_ioctl)
    i.disk_read                              0x08002748   Section        0  diskio.o(i.disk_read)
    i.disk_status                            0x08002764   Section        0  diskio.o(i.disk_status)
    i.disk_write                             0x0800277c   Section        0  diskio.o(i.disk_write)
    i.f_close                                0x08002798   Section        0  ff.o(i.f_close)
    i.f_mount                                0x080027c0   Section        0  ff.o(i.f_mount)
    i.f_open                                 0x08002818   Section        0  ff.o(i.f_open)
    i.f_read                                 0x08002a34   Section        0  ff.o(i.f_read)
    i.f_sync                                 0x08002baa   Section        0  ff.o(i.f_sync)
    i.find_volume                            0x08002c38   Section        0  ff.o(i.find_volume)
    find_volume                              0x08002c39   Thumb Code   636  ff.o(i.find_volume)
    i.follow_path                            0x08002ec0   Section        0  ff.o(i.follow_path)
    follow_path                              0x08002ec1   Thumb Code   122  ff.o(i.follow_path)
    i.get_fat                                0x08002f3a   Section        0  ff.o(i.get_fat)
    get_fat                                  0x08002f3b   Thumb Code   232  ff.o(i.get_fat)
    i.get_fattime                            0x08003022   Section        0  fatfs.o(i.get_fattime)
    i.get_ldnumber                           0x08003026   Section        0  ff.o(i.get_ldnumber)
    get_ldnumber                             0x08003027   Thumb Code    60  ff.o(i.get_ldnumber)
    i.inc_lock                               0x08003064   Section        0  ff.o(i.inc_lock)
    inc_lock                                 0x08003065   Thumb Code   124  ff.o(i.inc_lock)
    i.ld_clust                               0x080030e4   Section        0  ff.o(i.ld_clust)
    ld_clust                                 0x080030e5   Thumb Code    38  ff.o(i.ld_clust)
    i.ld_dword                               0x0800310a   Section        0  ff.o(i.ld_dword)
    ld_dword                                 0x0800310b   Thumb Code    22  ff.o(i.ld_dword)
    i.ld_word                                0x08003120   Section        0  ff.o(i.ld_word)
    ld_word                                  0x08003121   Thumb Code    10  ff.o(i.ld_word)
    i.main                                   0x0800312c   Section        0  main.o(i.main)
    i.mem_cpy                                0x080031c0   Section        0  ff.o(i.mem_cpy)
    mem_cpy                                  0x080031c1   Thumb Code    18  ff.o(i.mem_cpy)
    i.mem_set                                0x080031d4   Section        0  ff.o(i.mem_set)
    mem_set                                  0x080031d5   Thumb Code    14  ff.o(i.mem_set)
    i.move_window                            0x080031e2   Section        0  ff.o(i.move_window)
    move_window                              0x080031e3   Thumb Code    50  ff.o(i.move_window)
    i.put_fat                                0x08003214   Section        0  ff.o(i.put_fat)
    put_fat                                  0x08003215   Thumb Code   292  ff.o(i.put_fat)
    i.remove_chain                           0x08003338   Section        0  ff.o(i.remove_chain)
    remove_chain                             0x08003339   Thumb Code   116  ff.o(i.remove_chain)
    i.st_clust                               0x080033ac   Section        0  ff.o(i.st_clust)
    st_clust                                 0x080033ad   Thumb Code    40  ff.o(i.st_clust)
    i.st_dword                               0x080033d4   Section        0  ff.o(i.st_dword)
    st_dword                                 0x080033d5   Thumb Code    16  ff.o(i.st_dword)
    i.st_word                                0x080033e4   Section        0  ff.o(i.st_word)
    st_word                                  0x080033e5   Thumb Code     8  ff.o(i.st_word)
    i.sync_fs                                0x080033ec   Section        0  ff.o(i.sync_fs)
    sync_fs                                  0x080033ed   Thumb Code   126  ff.o(i.sync_fs)
    i.sync_window                            0x08003474   Section        0  ff.o(i.sync_window)
    sync_window                              0x08003475   Thumb Code    82  ff.o(i.sync_window)
    i.validate                               0x080034c6   Section        0  ff.o(i.validate)
    validate                                 0x080034c7   Thumb Code    52  ff.o(i.validate)
    x$fpl$fpinit                             0x080034fa   Section       10  fpinit.o(x$fpl$fpinit)
    $v0                                      0x080034fa   Number         0  fpinit.o(x$fpl$fpinit)
    .constdata                               0x08003504   Section       20  sd_diskio.o(.constdata)
    .constdata                               0x08003518   Section       16  system_stm32f4xx.o(.constdata)
    .constdata                               0x08003528   Section      156  ff.o(.constdata)
    ExCvt                                    0x08003528   Data         128  ff.o(.constdata)
    cst                                      0x080035a8   Data          14  ff.o(.constdata)
    cst32                                    0x080035b6   Data          14  ff.o(.constdata)
    .data                                    0x20000000   Section       47  main.o(.data)
    .data                                    0x2000002f   Section        1  sd_diskio.o(.data)
    Stat                                     0x2000002f   Data           1  sd_diskio.o(.data)
    .data                                    0x20000030   Section        5  fatfs.o(.data)
    .data                                    0x20000038   Section       12  stm32f4xx_hal.o(.data)
    .data                                    0x20000044   Section        4  system_stm32f4xx.o(.data)
    .data                                    0x20000048   Section        8  ff.o(.data)
    Fsid                                     0x20000048   Data           2  ff.o(.data)
    FatFs                                    0x2000004c   Data           4  ff.o(.data)
    .bss                                     0x20000050   Section    12652  main.o(.bss)
    .bss                                     0x200031bc   Section       32  ff.o(.bss)
    Files                                    0x200031bc   Data          32  ff.o(.bss)
    .bss                                     0x200031dc   Section       12  ff_gen_drv.o(.bss)
    .bss                                     0x200031e8   Section       96  libspace.o(.bss)
    HEAP                                     0x20003248   Section      512  startup_stm32f429xx.o(HEAP)
    Heap_Mem                                 0x20003248   Data         512  startup_stm32f429xx.o(HEAP)
    STACK                                    0x20003448   Section     1024  startup_stm32f429xx.o(STACK)
    Stack_Mem                                0x20003448   Data        1024  startup_stm32f429xx.o(STACK)
    __initial_sp                             0x20003848   Data           0  startup_stm32f429xx.o(STACK)

    Global Symbols

    Symbol Name                              Value     Ov Type        Size  Object(Section)

    BuildAttributes$$THM_ISAv4$E$P$D$K$B$S$7EM$VFPi3$EXTD16$VFPS$VFMA$PE$A:L22UL41UL21$X:L11$S22US41US21$IEEE1$IW$USESV6$~STKCKD$USESV7$~SHL$OSPACE$ROPI$EBA8$UX$STANDARDLIB$REQ8$PRES8$EABIv2 0x00000000   Number         0  anon$$obj.o ABSOLUTE
    __ARM_use_no_argv                        0x00000000   Number         0  main.o ABSOLUTE
    __ARM_exceptions_init                     - Undefined Weak Reference
    __alloca_initialize                       - Undefined Weak Reference
    __arm_preinit_                            - Undefined Weak Reference
    __cpp_initialize__aeabi_                  - Undefined Weak Reference
    __cxa_finalize                            - Undefined Weak Reference
    __rt_locale                               - Undefined Weak Reference
    __sigvec_lookup                           - Undefined Weak Reference
    _atexit_init                              - Undefined Weak Reference
    _call_atexit_fns                          - Undefined Weak Reference
    _clock_init                               - Undefined Weak Reference
    _fp_trap_init                             - Undefined Weak Reference
    _fp_trap_shutdown                         - Undefined Weak Reference
    _get_lc_collate                           - Undefined Weak Reference
    _get_lc_ctype                             - Undefined Weak Reference
    _get_lc_monetary                          - Undefined Weak Reference
    _get_lc_numeric                           - Undefined Weak Reference
    _get_lc_time                              - Undefined Weak Reference
    _getenv_init                              - Undefined Weak Reference
    _handle_redirection                       - Undefined Weak Reference
    _init_alloc                               - Undefined Weak Reference
    _init_user_alloc                          - Undefined Weak Reference
    _initio                                   - Undefined Weak Reference
    _rand_init                                - Undefined Weak Reference
    _signal_finish                            - Undefined Weak Reference
    _signal_init                              - Undefined Weak Reference
    _terminate_alloc                          - Undefined Weak Reference
    _terminate_user_alloc                     - Undefined Weak Reference
    _terminateio                              - Undefined Weak Reference
    __Vectors_Size                           0x000001ac   Number         0  startup_stm32f429xx.o ABSOLUTE
    __Vectors                                0x08000000   Data           4  startup_stm32f429xx.o(RESET)
    __Vectors_End                            0x080001ac   Data           0  startup_stm32f429xx.o(RESET)
    __main                                   0x080001ad   Thumb Code     8  __main.o(!!!main)
    __scatterload                            0x080001b5   Thumb Code     0  __scatter.o(!!!scatter)
    __scatterload_rt2                        0x080001b5   Thumb Code    44  __scatter.o(!!!scatter)
    __scatterload_rt2_thumb_only             0x080001b5   Thumb Code     0  __scatter.o(!!!scatter)
    __scatterload_null                       0x080001c3   Thumb Code     0  __scatter.o(!!!scatter)
    __scatterload_copy                       0x080001e9   Thumb Code    26  __scatter_copy.o(!!handler_copy)
    __scatterload_zeroinit                   0x08000205   Thumb Code    28  __scatter_zi.o(!!handler_zi)
    __rt_lib_init                            0x08000221   Thumb Code     0  libinit.o(.ARM.Collect$$libinit$$00000000)
    __rt_lib_init_fp_1                       0x08000223   Thumb Code     0  libinit2.o(.ARM.Collect$$libinit$$00000001)
    __rt_lib_init_alloca_1                   0x08000227   Thumb Code     0  libinit2.o(.ARM.Collect$$libinit$$0000002E)
    __rt_lib_init_argv_1                     0x08000227   Thumb Code     0  libinit2.o(.ARM.Collect$$libinit$$0000002C)
    __rt_lib_init_atexit_1                   0x08000227   Thumb Code     0  libinit2.o(.ARM.Collect$$libinit$$0000001B)
    __rt_lib_init_clock_1                    0x08000227   Thumb Code     0  libinit2.o(.ARM.Collect$$libinit$$00000021)
    __rt_lib_init_cpp_1                      0x08000227   Thumb Code     0  libinit2.o(.ARM.Collect$$libinit$$00000032)
    __rt_lib_init_exceptions_1               0x08000227   Thumb Code     0  libinit2.o(.ARM.Collect$$libinit$$00000030)
    __rt_lib_init_fp_trap_1                  0x08000227   Thumb Code     0  libinit2.o(.ARM.Collect$$libinit$$0000001F)
    __rt_lib_init_getenv_1                   0x08000227   Thumb Code     0  libinit2.o(.ARM.Collect$$libinit$$00000023)
    __rt_lib_init_heap_1                     0x08000227   Thumb Code     0  libinit2.o(.ARM.Collect$$libinit$$0000000A)
    __rt_lib_init_lc_collate_1               0x08000227   Thumb Code     0  libinit2.o(.ARM.Collect$$libinit$$00000011)
    __rt_lib_init_lc_ctype_1                 0x08000227   Thumb Code     0  libinit2.o(.ARM.Collect$$libinit$$00000013)
    __rt_lib_init_lc_monetary_1              0x08000227   Thumb Code     0  libinit2.o(.ARM.Collect$$libinit$$00000015)
    __rt_lib_init_lc_numeric_1               0x08000227   Thumb Code     0  libinit2.o(.ARM.Collect$$libinit$$00000017)
    __rt_lib_init_lc_time_1                  0x08000227   Thumb Code     0  libinit2.o(.ARM.Collect$$libinit$$00000019)
    __rt_lib_init_preinit_1                  0x08000227   Thumb Code     0  libinit2.o(.ARM.Collect$$libinit$$00000004)
    __rt_lib_init_rand_1                     0x08000227   Thumb Code     0  libinit2.o(.ARM.Collect$$libinit$$0000000E)
    __rt_lib_init_return                     0x08000227   Thumb Code     0  libinit2.o(.ARM.Collect$$libinit$$00000033)
    __rt_lib_init_signal_1                   0x08000227   Thumb Code     0  libinit2.o(.ARM.Collect$$libinit$$0000001D)
    __rt_lib_init_stdio_1                    0x08000227   Thumb Code     0  libinit2.o(.ARM.Collect$$libinit$$00000025)
    __rt_lib_init_user_alloc_1               0x08000227   Thumb Code     0  libinit2.o(.ARM.Collect$$libinit$$0000000C)
    __rt_lib_shutdown                        0x08000229   Thumb Code     0  libshutdown.o(.ARM.Collect$$libshutdown$$00000000)
    __rt_lib_shutdown_cpp_1                  0x0800022b   Thumb Code     0  libshutdown2.o(.ARM.Collect$$libshutdown$$00000002)
    __rt_lib_shutdown_fp_trap_1              0x0800022b   Thumb Code     0  libshutdown2.o(.ARM.Collect$$libshutdown$$00000007)
    __rt_lib_shutdown_heap_1                 0x0800022b   Thumb Code     0  libshutdown2.o(.ARM.Collect$$libshutdown$$0000000F)
    __rt_lib_shutdown_return                 0x0800022b   Thumb Code     0  libshutdown2.o(.ARM.Collect$$libshutdown$$00000010)
    __rt_lib_shutdown_signal_1               0x0800022b   Thumb Code     0  libshutdown2.o(.ARM.Collect$$libshutdown$$0000000A)
    __rt_lib_shutdown_stdio_1                0x0800022b   Thumb Code     0  libshutdown2.o(.ARM.Collect$$libshutdown$$00000004)
    __rt_lib_shutdown_user_alloc_1           0x0800022b   Thumb Code     0  libshutdown2.o(.ARM.Collect$$libshutdown$$0000000C)
    __rt_entry                               0x0800022d   Thumb Code     0  __rtentry.o(.ARM.Collect$$rtentry$$00000000)
    __rt_entry_presh_1                       0x0800022d   Thumb Code     0  __rtentry2.o(.ARM.Collect$$rtentry$$00000002)
    __rt_entry_sh                            0x0800022d   Thumb Code     0  __rtentry4.o(.ARM.Collect$$rtentry$$00000004)
    __rt_entry_li                            0x08000233   Thumb Code     0  __rtentry2.o(.ARM.Collect$$rtentry$$0000000A)
    __rt_entry_postsh_1                      0x08000233   Thumb Code     0  __rtentry2.o(.ARM.Collect$$rtentry$$00000009)
    __rt_entry_main                          0x08000237   Thumb Code     0  __rtentry2.o(.ARM.Collect$$rtentry$$0000000D)
    __rt_entry_postli_1                      0x08000237   Thumb Code     0  __rtentry2.o(.ARM.Collect$$rtentry$$0000000C)
    __rt_exit                                0x0800023f   Thumb Code     0  rtexit.o(.ARM.Collect$$rtexit$$00000000)
    __rt_exit_ls                             0x08000241   Thumb Code     0  rtexit2.o(.ARM.Collect$$rtexit$$00000003)
    __rt_exit_prels_1                        0x08000241   Thumb Code     0  rtexit2.o(.ARM.Collect$$rtexit$$00000002)
    __rt_exit_exit                           0x08000245   Thumb Code     0  rtexit2.o(.ARM.Collect$$rtexit$$00000004)
    Reset_Handler                            0x0800024d   Thumb Code     8  startup_stm32f429xx.o(.text)
    ADC_IRQHandler                           0x08000267   Thumb Code     0  startup_stm32f429xx.o(.text)
    CAN1_RX0_IRQHandler                      0x08000267   Thumb Code     0  startup_stm32f429xx.o(.text)
    CAN1_RX1_IRQHandler                      0x08000267   Thumb Code     0  startup_stm32f429xx.o(.text)
    CAN1_SCE_IRQHandler                      0x08000267   Thumb Code     0  startup_stm32f429xx.o(.text)
    CAN1_TX_IRQHandler                       0x08000267   Thumb Code     0  startup_stm32f429xx.o(.text)
    CAN2_RX0_IRQHandler                      0x08000267   Thumb Code     0  startup_stm32f429xx.o(.text)
    CAN2_RX1_IRQHandler                      0x08000267   Thumb Code     0  startup_stm32f429xx.o(.text)
    CAN2_SCE_IRQHandler                      0x08000267   Thumb Code     0  startup_stm32f429xx.o(.text)
    CAN2_TX_IRQHandler                       0x08000267   Thumb Code     0  startup_stm32f429xx.o(.text)
    DCMI_IRQHandler                          0x08000267   Thumb Code     0  startup_stm32f429xx.o(.text)
    DMA1_Stream0_IRQHandler                  0x08000267   Thumb Code     0  startup_stm32f429xx.o(.text)
    DMA1_Stream1_IRQHandler                  0x08000267   Thumb Code     0  startup_stm32f429xx.o(.text)
    DMA1_Stream2_IRQHandler                  0x08000267   Thumb Code     0  startup_stm32f429xx.o(.text)
    DMA1_Stream3_IRQHandler                  0x08000267   Thumb Code     0  startup_stm32f429xx.o(.text)
    DMA1_Stream4_IRQHandler                  0x08000267   Thumb Code     0  startup_stm32f429xx.o(.text)
    DMA1_Stream5_IRQHandler                  0x08000267   Thumb Code     0  startup_stm32f429xx.o(.text)
    DMA1_Stream6_IRQHandler                  0x08000267   Thumb Code     0  startup_stm32f429xx.o(.text)
    DMA1_Stream7_IRQHandler                  0x08000267   Thumb Code     0  startup_stm32f429xx.o(.text)
    DMA2D_IRQHandler                         0x08000267   Thumb Code     0  startup_stm32f429xx.o(.text)
    DMA2_Stream0_IRQHandler                  0x08000267   Thumb Code     0  startup_stm32f429xx.o(.text)
    DMA2_Stream1_IRQHandler                  0x08000267   Thumb Code     0  startup_stm32f429xx.o(.text)
    DMA2_Stream2_IRQHandler                  0x08000267   Thumb Code     0  startup_stm32f429xx.o(.text)
    DMA2_Stream3_IRQHandler                  0x08000267   Thumb Code     0  startup_stm32f429xx.o(.text)
    DMA2_Stream4_IRQHandler                  0x08000267   Thumb Code     0  startup_stm32f429xx.o(.text)
    DMA2_Stream5_IRQHandler                  0x08000267   Thumb Code     0  startup_stm32f429xx.o(.text)
    DMA2_Stream6_IRQHandler                  0x08000267   Thumb Code     0  startup_stm32f429xx.o(.text)
    DMA2_Stream7_IRQHandler                  0x08000267   Thumb Code     0  startup_stm32f429xx.o(.text)
    ETH_IRQHandler                           0x08000267   Thumb Code     0  startup_stm32f429xx.o(.text)
    ETH_WKUP_IRQHandler                      0x08000267   Thumb Code     0  startup_stm32f429xx.o(.text)
    EXTI0_IRQHandler                         0x08000267   Thumb Code     0  startup_stm32f429xx.o(.text)
    EXTI15_10_IRQHandler                     0x08000267   Thumb Code     0  startup_stm32f429xx.o(.text)
    EXTI1_IRQHandler                         0x08000267   Thumb Code     0  startup_stm32f429xx.o(.text)
    EXTI2_IRQHandler                         0x08000267   Thumb Code     0  startup_stm32f429xx.o(.text)
    EXTI3_IRQHandler                         0x08000267   Thumb Code     0  startup_stm32f429xx.o(.text)
    EXTI4_IRQHandler                         0x08000267   Thumb Code     0  startup_stm32f429xx.o(.text)
    EXTI9_5_IRQHandler                       0x08000267   Thumb Code     0  startup_stm32f429xx.o(.text)
    FLASH_IRQHandler                         0x08000267   Thumb Code     0  startup_stm32f429xx.o(.text)
    FMC_IRQHandler                           0x08000267   Thumb Code     0  startup_stm32f429xx.o(.text)
    FPU_IRQHandler                           0x08000267   Thumb Code     0  startup_stm32f429xx.o(.text)
    HASH_RNG_IRQHandler                      0x08000267   Thumb Code     0  startup_stm32f429xx.o(.text)
    I2C1_ER_IRQHandler                       0x08000267   Thumb Code     0  startup_stm32f429xx.o(.text)
    I2C1_EV_IRQHandler                       0x08000267   Thumb Code     0  startup_stm32f429xx.o(.text)
    I2C2_ER_IRQHandler                       0x08000267   Thumb Code     0  startup_stm32f429xx.o(.text)
    I2C2_EV_IRQHandler                       0x08000267   Thumb Code     0  startup_stm32f429xx.o(.text)
    I2C3_ER_IRQHandler                       0x08000267   Thumb Code     0  startup_stm32f429xx.o(.text)
    I2C3_EV_IRQHandler                       0x08000267   Thumb Code     0  startup_stm32f429xx.o(.text)
    LTDC_ER_IRQHandler                       0x08000267   Thumb Code     0  startup_stm32f429xx.o(.text)
    LTDC_IRQHandler                          0x08000267   Thumb Code     0  startup_stm32f429xx.o(.text)
    OTG_FS_IRQHandler                        0x08000267   Thumb Code     0  startup_stm32f429xx.o(.text)
    OTG_FS_WKUP_IRQHandler                   0x08000267   Thumb Code     0  startup_stm32f429xx.o(.text)
    OTG_HS_EP1_IN_IRQHandler                 0x08000267   Thumb Code     0  startup_stm32f429xx.o(.text)
    OTG_HS_EP1_OUT_IRQHandler                0x08000267   Thumb Code     0  startup_stm32f429xx.o(.text)
    OTG_HS_IRQHandler                        0x08000267   Thumb Code     0  startup_stm32f429xx.o(.text)
    OTG_HS_WKUP_IRQHandler                   0x08000267   Thumb Code     0  startup_stm32f429xx.o(.text)
    PVD_IRQHandler                           0x08000267   Thumb Code     0  startup_stm32f429xx.o(.text)
    RCC_IRQHandler                           0x08000267   Thumb Code     0  startup_stm32f429xx.o(.text)
    RTC_Alarm_IRQHandler                     0x08000267   Thumb Code     0  startup_stm32f429xx.o(.text)
    RTC_WKUP_IRQHandler                      0x08000267   Thumb Code     0  startup_stm32f429xx.o(.text)
    SAI1_IRQHandler                          0x08000267   Thumb Code     0  startup_stm32f429xx.o(.text)
    SDIO_IRQHandler                          0x08000267   Thumb Code     0  startup_stm32f429xx.o(.text)
    SPI1_IRQHandler                          0x08000267   Thumb Code     0  startup_stm32f429xx.o(.text)
    SPI2_IRQHandler                          0x08000267   Thumb Code     0  startup_stm32f429xx.o(.text)
    SPI3_IRQHandler                          0x08000267   Thumb Code     0  startup_stm32f429xx.o(.text)
    SPI4_IRQHandler                          0x08000267   Thumb Code     0  startup_stm32f429xx.o(.text)
    SPI5_IRQHandler                          0x08000267   Thumb Code     0  startup_stm32f429xx.o(.text)
    SPI6_IRQHandler                          0x08000267   Thumb Code     0  startup_stm32f429xx.o(.text)
    TAMP_STAMP_IRQHandler                    0x08000267   Thumb Code     0  startup_stm32f429xx.o(.text)
    TIM1_BRK_TIM9_IRQHandler                 0x08000267   Thumb Code     0  startup_stm32f429xx.o(.text)
    TIM1_CC_IRQHandler                       0x08000267   Thumb Code     0  startup_stm32f429xx.o(.text)
    TIM1_TRG_COM_TIM11_IRQHandler            0x08000267   Thumb Code     0  startup_stm32f429xx.o(.text)
    TIM1_UP_TIM10_IRQHandler                 0x08000267   Thumb Code     0  startup_stm32f429xx.o(.text)
    TIM2_IRQHandler                          0x08000267   Thumb Code     0  startup_stm32f429xx.o(.text)
    TIM3_IRQHandler                          0x08000267   Thumb Code     0  startup_stm32f429xx.o(.text)
    TIM4_IRQHandler                          0x08000267   Thumb Code     0  startup_stm32f429xx.o(.text)
    TIM5_IRQHandler                          0x08000267   Thumb Code     0  startup_stm32f429xx.o(.text)
    TIM6_DAC_IRQHandler                      0x08000267   Thumb Code     0  startup_stm32f429xx.o(.text)
    TIM7_IRQHandler                          0x08000267   Thumb Code     0  startup_stm32f429xx.o(.text)
    TIM8_BRK_TIM12_IRQHandler                0x08000267   Thumb Code     0  startup_stm32f429xx.o(.text)
    TIM8_CC_IRQHandler                       0x08000267   Thumb Code     0  startup_stm32f429xx.o(.text)
    TIM8_TRG_COM_TIM14_IRQHandler            0x08000267   Thumb Code     0  startup_stm32f429xx.o(.text)
    TIM8_UP_TIM13_IRQHandler                 0x08000267   Thumb Code     0  startup_stm32f429xx.o(.text)
    UART4_IRQHandler                         0x08000267   Thumb Code     0  startup_stm32f429xx.o(.text)
    UART5_IRQHandler                         0x08000267   Thumb Code     0  startup_stm32f429xx.o(.text)
    UART7_IRQHandler                         0x08000267   Thumb Code     0  startup_stm32f429xx.o(.text)
    UART8_IRQHandler                         0x08000267   Thumb Code     0  startup_stm32f429xx.o(.text)
    USART1_IRQHandler                        0x08000267   Thumb Code     0  startup_stm32f429xx.o(.text)
    USART2_IRQHandler                        0x08000267   Thumb Code     0  startup_stm32f429xx.o(.text)
    USART3_IRQHandler                        0x08000267   Thumb Code     0  startup_stm32f429xx.o(.text)
    USART6_IRQHandler                        0x08000267   Thumb Code     0  startup_stm32f429xx.o(.text)
    WWDG_IRQHandler                          0x08000267   Thumb Code     0  startup_stm32f429xx.o(.text)
    __user_initial_stackheap                 0x08000269   Thumb Code     0  startup_stm32f429xx.o(.text)
    __aeabi_uldivmod                         0x0800028d   Thumb Code     0  lludivv7m.o(.text)
    _ll_udiv                                 0x0800028d   Thumb Code   238  lludivv7m.o(.text)
    __aeabi_memclr4                          0x0800037b   Thumb Code     0  rt_memclr_w.o(.text)
    __aeabi_memclr8                          0x0800037b   Thumb Code     0  rt_memclr_w.o(.text)
    __rt_memclr_w                            0x0800037b   Thumb Code    78  rt_memclr_w.o(.text)
    _memset_w                                0x0800037f   Thumb Code     0  rt_memclr_w.o(.text)
    __use_two_region_memory                  0x080003c9   Thumb Code     2  heapauxi.o(.text)
    __rt_heap_escrow$2region                 0x080003cb   Thumb Code     2  heapauxi.o(.text)
    __rt_heap_expand$2region                 0x080003cd   Thumb Code     2  heapauxi.o(.text)
    __user_setup_stackheap                   0x080003cf   Thumb Code    74  sys_stackheap_outer.o(.text)
    exit                                     0x08000419   Thumb Code    18  exit.o(.text)
    __user_libspace                          0x0800042d   Thumb Code     8  libspace.o(.text)
    __user_perproc_libspace                  0x0800042d   Thumb Code     0  libspace.o(.text)
    __user_perthread_libspace                0x0800042d   Thumb Code     0  libspace.o(.text)
    _sys_exit                                0x08000435   Thumb Code     8  sys_exit.o(.text)
    __I$use$semihosting                      0x08000441   Thumb Code     0  use_no_semi.o(.text)
    __use_no_semihosting_swi                 0x08000441   Thumb Code     2  use_no_semi.o(.text)
    __semihosting_library_function           0x08000443   Thumb Code     0  indicate_semi.o(.text)
    BSP_SD_GetCardInfo                       0x08000445   Thumb Code     8  bsp_driver_sd.o(i.BSP_SD_GetCardInfo)
    BSP_SD_GetCardState                      0x08000451   Thumb Code    20  bsp_driver_sd.o(i.BSP_SD_GetCardState)
    BSP_SD_Init                              0x08000469   Thumb Code    42  bsp_driver_sd.o(i.BSP_SD_Init)
    BSP_SD_IsDetected                        0x08000499   Thumb Code    14  bsp_driver_sd.o(i.BSP_SD_IsDetected)
    BSP_SD_ReadBlocks                        0x080004a9   Thumb Code    26  bsp_driver_sd.o(i.BSP_SD_ReadBlocks)
    BSP_SD_WriteBlocks                       0x080004c9   Thumb Code    26  bsp_driver_sd.o(i.BSP_SD_WriteBlocks)
    BusFault_Handler                         0x080004e9   Thumb Code     2  stm32f4xx_it.o(i.BusFault_Handler)
    DebugMon_Handler                         0x080004eb   Thumb Code     2  stm32f4xx_it.o(i.DebugMon_Handler)
    FATFS_LinkDriver                         0x080004ed   Thumb Code     6  ff_gen_drv.o(i.FATFS_LinkDriver)
    FATFS_LinkDriverEx                       0x080004f5   Thumb Code    58  ff_gen_drv.o(i.FATFS_LinkDriverEx)
    HAL_Delay                                0x08000535   Thumb Code    32  stm32f4xx_hal.o(i.HAL_Delay)
    HAL_GPIO_Init                            0x08000559   Thumb Code   510  stm32f4xx_hal_gpio.o(i.HAL_GPIO_Init)
    HAL_GetTick                              0x0800078d   Thumb Code     6  stm32f4xx_hal.o(i.HAL_GetTick)
    HAL_IncTick                              0x08000799   Thumb Code    12  stm32f4xx_hal.o(i.HAL_IncTick)
    HAL_Init                                 0x080007a9   Thumb Code    48  stm32f4xx_hal.o(i.HAL_Init)
    HAL_InitTick                             0x080007dd   Thumb Code    54  stm32f4xx_hal.o(i.HAL_InitTick)
    HAL_MspInit                              0x0800081d   Thumb Code    42  stm32f4xx_hal_msp.o(i.HAL_MspInit)
    HAL_NVIC_SetPriority                     0x0800084d   Thumb Code    60  stm32f4xx_hal_cortex.o(i.HAL_NVIC_SetPriority)
    HAL_NVIC_SetPriorityGrouping             0x0800088d   Thumb Code    26  stm32f4xx_hal_cortex.o(i.HAL_NVIC_SetPriorityGrouping)
    HAL_PWREx_EnableOverDrive                0x080008b1   Thumb Code    98  stm32f4xx_hal_pwr_ex.o(i.HAL_PWREx_EnableOverDrive)
    HAL_RCC_ClockConfig                      0x08000921   Thumb Code   288  stm32f4xx_hal_rcc.o(i.HAL_RCC_ClockConfig)
    HAL_RCC_GetSysClockFreq                  0x08000a55   Thumb Code    88  stm32f4xx_hal_rcc.o(i.HAL_RCC_GetSysClockFreq)
    HAL_RCC_OscConfig                        0x08000ab9   Thumb Code   856  stm32f4xx_hal_rcc.o(i.HAL_RCC_OscConfig)
    HAL_SD_ConfigWideBusOperation            0x08000e25   Thumb Code   276  stm32f4xx_hal_sd.o(i.HAL_SD_ConfigWideBusOperation)
    HAL_SD_GetCardCSD                        0x08000f3d   Thumb Code   402  stm32f4xx_hal_sd.o(i.HAL_SD_GetCardCSD)
    HAL_SD_GetCardInfo                       0x080010d5   Thumb Code    36  stm32f4xx_hal_sd.o(i.HAL_SD_GetCardInfo)
    HAL_SD_GetCardState                      0x080010f9   Thumb Code    44  stm32f4xx_hal_sd.o(i.HAL_SD_GetCardState)
    HAL_SD_Init                              0x08001125   Thumb Code    54  stm32f4xx_hal_sd.o(i.HAL_SD_Init)
    HAL_SD_InitCard                          0x0800115d   Thumb Code   116  stm32f4xx_hal_sd.o(i.HAL_SD_InitCard)
    HAL_SD_MspInit                           0x080011d9   Thumb Code   130  stm32f4xx_hal_msp.o(i.HAL_SD_MspInit)
    HAL_SD_ReadBlocks                        0x0800126d   Thumb Code   476  stm32f4xx_hal_sd.o(i.HAL_SD_ReadBlocks)
    HAL_SD_WriteBlocks                       0x0800144d   Thumb Code   428  stm32f4xx_hal_sd.o(i.HAL_SD_WriteBlocks)
    HAL_SYSTICK_Config                       0x080015fd   Thumb Code    40  stm32f4xx_hal_cortex.o(i.HAL_SYSTICK_Config)
    HardFault_Handler                        0x08001625   Thumb Code     2  stm32f4xx_it.o(i.HardFault_Handler)
    MX_FATFS_Init                            0x08001629   Thumb Code    18  fatfs.o(i.MX_FATFS_Init)
    MemManage_Handler                        0x08001691   Thumb Code     2  stm32f4xx_it.o(i.MemManage_Handler)
    Mount_SD                                 0x08001695   Thumb Code    18  main.o(i.Mount_SD)
    NMI_Handler                              0x080016b5   Thumb Code     2  stm32f4xx_it.o(i.NMI_Handler)
    PendSV_Handler                           0x080016b7   Thumb Code     2  stm32f4xx_it.o(i.PendSV_Handler)
    ReadFromFile                             0x080016b9   Thumb Code    58  main.o(i.ReadFromFile)
    SDIO_ConfigData                          0x0800170d   Thumb Code    36  stm32f4xx_ll_sdmmc.o(i.SDIO_ConfigData)
    SDIO_GetPowerState                       0x08001731   Thumb Code     8  stm32f4xx_ll_sdmmc.o(i.SDIO_GetPowerState)
    SDIO_GetResponse                         0x08001739   Thumb Code     6  stm32f4xx_ll_sdmmc.o(i.SDIO_GetResponse)
    SDIO_Init                                0x0800173f   Thumb Code    36  stm32f4xx_ll_sdmmc.o(i.SDIO_Init)
    SDIO_PowerState_ON                       0x08001763   Thumb Code     8  stm32f4xx_ll_sdmmc.o(i.SDIO_PowerState_ON)
    SDIO_ReadFIFO                            0x0800176b   Thumb Code     6  stm32f4xx_ll_sdmmc.o(i.SDIO_ReadFIFO)
    SDIO_SendCommand                         0x08001771   Thumb Code    32  stm32f4xx_ll_sdmmc.o(i.SDIO_SendCommand)
    SDIO_WriteFIFO                           0x08001791   Thumb Code    10  stm32f4xx_ll_sdmmc.o(i.SDIO_WriteFIFO)
    SDMMC_CmdAppCommand                      0x0800179b   Thumb Code    50  stm32f4xx_ll_sdmmc.o(i.SDMMC_CmdAppCommand)
    SDMMC_CmdAppOperCommand                  0x080017cd   Thumb Code    48  stm32f4xx_ll_sdmmc.o(i.SDMMC_CmdAppOperCommand)
    SDMMC_CmdBlockLength                     0x08001801   Thumb Code    50  stm32f4xx_ll_sdmmc.o(i.SDMMC_CmdBlockLength)
    SDMMC_CmdBusWidth                        0x08001833   Thumb Code    50  stm32f4xx_ll_sdmmc.o(i.SDMMC_CmdBusWidth)
    SDMMC_CmdGoIdleState                     0x08001865   Thumb Code    74  stm32f4xx_ll_sdmmc.o(i.SDMMC_CmdGoIdleState)
    SDMMC_CmdOperCond                        0x080018b5   Thumb Code    48  stm32f4xx_ll_sdmmc.o(i.SDMMC_CmdOperCond)
    SDMMC_CmdReadMultiBlock                  0x080018e5   Thumb Code    50  stm32f4xx_ll_sdmmc.o(i.SDMMC_CmdReadMultiBlock)
    SDMMC_CmdReadSingleBlock                 0x08001917   Thumb Code    50  stm32f4xx_ll_sdmmc.o(i.SDMMC_CmdReadSingleBlock)
    SDMMC_CmdSelDesel                        0x08001949   Thumb Code    50  stm32f4xx_ll_sdmmc.o(i.SDMMC_CmdSelDesel)
    SDMMC_CmdSendCID                         0x0800197b   Thumb Code    44  stm32f4xx_ll_sdmmc.o(i.SDMMC_CmdSendCID)
    SDMMC_CmdSendCSD                         0x080019a7   Thumb Code    44  stm32f4xx_ll_sdmmc.o(i.SDMMC_CmdSendCSD)
    SDMMC_CmdSendSCR                         0x080019d3   Thumb Code    48  stm32f4xx_ll_sdmmc.o(i.SDMMC_CmdSendSCR)
    SDMMC_CmdSendStatus                      0x08001a03   Thumb Code    50  stm32f4xx_ll_sdmmc.o(i.SDMMC_CmdSendStatus)
    SDMMC_CmdSetRelAdd                       0x08001a35   Thumb Code    48  stm32f4xx_ll_sdmmc.o(i.SDMMC_CmdSetRelAdd)
    SDMMC_CmdStopTransfer                    0x08001a65   Thumb Code    46  stm32f4xx_ll_sdmmc.o(i.SDMMC_CmdStopTransfer)
    SDMMC_CmdWriteMultiBlock                 0x08001a99   Thumb Code    50  stm32f4xx_ll_sdmmc.o(i.SDMMC_CmdWriteMultiBlock)
    SDMMC_CmdWriteSingleBlock                0x08001acb   Thumb Code    50  stm32f4xx_ll_sdmmc.o(i.SDMMC_CmdWriteSingleBlock)
    SDMMC_GetCmdResp1                        0x08001afd   Thumb Code   278  stm32f4xx_ll_sdmmc.o(i.SDMMC_GetCmdResp1)
    SDMMC_GetCmdResp2                        0x08001c1d   Thumb Code    76  stm32f4xx_ll_sdmmc.o(i.SDMMC_GetCmdResp2)
    SDMMC_GetCmdResp3                        0x08001c6d   Thumb Code    62  stm32f4xx_ll_sdmmc.o(i.SDMMC_GetCmdResp3)
    SDMMC_GetCmdResp6                        0x08001cb1   Thumb Code   130  stm32f4xx_ll_sdmmc.o(i.SDMMC_GetCmdResp6)
    SDMMC_GetCmdResp7                        0x08001d39   Thumb Code    82  stm32f4xx_ll_sdmmc.o(i.SDMMC_GetCmdResp7)
    SD_initialize                            0x08002035   Thumb Code    28  sd_diskio.o(i.SD_initialize)
    SD_ioctl                                 0x08002055   Thumb Code    76  sd_diskio.o(i.SD_ioctl)
    SD_read                                  0x080020a5   Thumb Code    38  sd_diskio.o(i.SD_read)
    SD_status                                0x080020cb   Thumb Code     4  sd_diskio.o(i.SD_status)
    SD_write                                 0x080020d1   Thumb Code    38  sd_diskio.o(i.SD_write)
    SVC_Handler                              0x080020f7   Thumb Code     2  stm32f4xx_it.o(i.SVC_Handler)
    SysTick_Handler                          0x080020f9   Thumb Code     4  stm32f4xx_it.o(i.SysTick_Handler)
    SystemClock_Config                       0x080020fd   Thumb Code   148  main.o(i.SystemClock_Config)
    SystemInit                               0x08002199   Thumb Code    12  system_stm32f4xx.o(i.SystemInit)
    UsageFault_Handler                       0x080021a9   Thumb Code     2  stm32f4xx_it.o(i.UsageFault_Handler)
    WriteToSD_Sector                         0x080021ad   Thumb Code    20  main.o(i.WriteToSD_Sector)
    disk_initialize                          0x08002701   Thumb Code    38  diskio.o(i.disk_initialize)
    disk_ioctl                               0x0800272d   Thumb Code    24  diskio.o(i.disk_ioctl)
    disk_read                                0x08002749   Thumb Code    24  diskio.o(i.disk_read)
    disk_status                              0x08002765   Thumb Code    18  diskio.o(i.disk_status)
    disk_write                               0x0800277d   Thumb Code    24  diskio.o(i.disk_write)
    f_close                                  0x08002799   Thumb Code    40  ff.o(i.f_close)
    f_mount                                  0x080027c1   Thumb Code    84  ff.o(i.f_mount)
    f_open                                   0x08002819   Thumb Code   534  ff.o(i.f_open)
    f_read                                   0x08002a35   Thumb Code   374  ff.o(i.f_read)
    f_sync                                   0x08002bab   Thumb Code   142  ff.o(i.f_sync)
    get_fattime                              0x08003023   Thumb Code     4  fatfs.o(i.get_fattime)
    main                                     0x0800312d   Thumb Code   122  main.o(i.main)
    _fp_init                                 0x080034fb   Thumb Code    10  fpinit.o(x$fpl$fpinit)
    __fplib_config_fpu_vfp                   0x08003503   Thumb Code     0  fpinit.o(x$fpl$fpinit)
    __fplib_config_pureend_doubles           0x08003503   Thumb Code     0  fpinit.o(x$fpl$fpinit)
    SD_Driver                                0x08003504   Data          20  sd_diskio.o(.constdata)
    AHBPrescTable                            0x08003518   Data          16  system_stm32f4xx.o(.constdata)
    Region$$Table$$Base                      0x080035c4   Number         0  anon$$obj.o(Region$$Table)
    Region$$Table$$Limit                     0x080035e4   Number         0  anon$$obj.o(Region$$Table)
    res                                      0x20000000   Data           1  main.o(.data)
    bytes_written                            0x20000004   Data           4  main.o(.data)
    bytes_read                               0x20000008   Data           4  main.o(.data)
    data                                     0x2000000c   Data          35  main.o(.data)
    retSD                                    0x20000030   Data           1  fatfs.o(.data)
    SDPath                                   0x20000031   Data           4  fatfs.o(.data)
    uwTickFreq                               0x20000038   Data           1  stm32f4xx_hal.o(.data)
    uwTickPrio                               0x2000003c   Data           4  stm32f4xx_hal.o(.data)
    uwTick                                   0x20000040   Data           4  stm32f4xx_hal.o(.data)
    SystemCoreClock                          0x20000044   Data           4  system_stm32f4xx.o(.data)
    fs                                       0x20000050   Data        4148  main.o(.bss)
    file                                     0x20001084   Data        4144  main.o(.bss)
    cardInfo                                 0x200020b4   Data          32  main.o(.bss)
    work                                     0x200020d4   Data        4096  main.o(.bss)
    hsd                                      0x200030d4   Data         132  main.o(.bss)
    buffer                                   0x20003158   Data         100  main.o(.bss)
    disk                                     0x200031dc   Data          12  ff_gen_drv.o(.bss)
    __libspace_start                         0x200031e8   Data          96  libspace.o(.bss)
    __temporary_stack_top$libspace           0x20003248   Data           0  libspace.o(.bss)



==============================================================================

Memory Map of the image

  Image Entry point : 0x080001ad

  Load Region LR_IROM1 (Base: 0x08000000, Size: 0x00003634, Max: 0x00100000, ABSOLUTE)

    Execution Region ER_IROM1 (Base: 0x08000000, Size: 0x000035e4, Max: 0x00100000, ABSOLUTE)

    Base Addr    Size         Type   Attr      Idx    E Section Name        Object

    0x08000000   0x000001ac   Data   RO            3    RESET               startup_stm32f429xx.o
    0x080001ac   0x00000008   Code   RO         2812  * !!!main             c_w.l(__main.o)
    0x080001b4   0x00000034   Code   RO         2979    !!!scatter          c_w.l(__scatter.o)
    0x080001e8   0x0000001a   Code   RO         2981    !!handler_copy      c_w.l(__scatter_copy.o)
    0x08000202   0x00000002   PAD
    0x08000204   0x0000001c   Code   RO         2983    !!handler_zi        c_w.l(__scatter_zi.o)
    0x08000220   0x00000002   Code   RO         2849    .ARM.Collect$$libinit$$00000000  c_w.l(libinit.o)
    0x08000222   0x00000004   Code   RO         2861    .ARM.Collect$$libinit$$00000001  c_w.l(libinit2.o)
    0x08000226   0x00000000   Code   RO         2864    .ARM.Collect$$libinit$$00000004  c_w.l(libinit2.o)
    0x08000226   0x00000000   Code   RO         2867    .ARM.Collect$$libinit$$0000000A  c_w.l(libinit2.o)
    0x08000226   0x00000000   Code   RO         2869    .ARM.Collect$$libinit$$0000000C  c_w.l(libinit2.o)
    0x08000226   0x00000000   Code   RO         2871    .ARM.Collect$$libinit$$0000000E  c_w.l(libinit2.o)
    0x08000226   0x00000000   Code   RO         2874    .ARM.Collect$$libinit$$00000011  c_w.l(libinit2.o)
    0x08000226   0x00000000   Code   RO         2876    .ARM.Collect$$libinit$$00000013  c_w.l(libinit2.o)
    0x08000226   0x00000000   Code   RO         2878    .ARM.Collect$$libinit$$00000015  c_w.l(libinit2.o)
    0x08000226   0x00000000   Code   RO         2880    .ARM.Collect$$libinit$$00000017  c_w.l(libinit2.o)
    0x08000226   0x00000000   Code   RO         2882    .ARM.Collect$$libinit$$00000019  c_w.l(libinit2.o)
    0x08000226   0x00000000   Code   RO         2884    .ARM.Collect$$libinit$$0000001B  c_w.l(libinit2.o)
    0x08000226   0x00000000   Code   RO         2886    .ARM.Collect$$libinit$$0000001D  c_w.l(libinit2.o)
    0x08000226   0x00000000   Code   RO         2888    .ARM.Collect$$libinit$$0000001F  c_w.l(libinit2.o)
    0x08000226   0x00000000   Code   RO         2890    .ARM.Collect$$libinit$$00000021  c_w.l(libinit2.o)
    0x08000226   0x00000000   Code   RO         2892    .ARM.Collect$$libinit$$00000023  c_w.l(libinit2.o)
    0x08000226   0x00000000   Code   RO         2894    .ARM.Collect$$libinit$$00000025  c_w.l(libinit2.o)
    0x08000226   0x00000000   Code   RO         2898    .ARM.Collect$$libinit$$0000002C  c_w.l(libinit2.o)
    0x08000226   0x00000000   Code   RO         2900    .ARM.Collect$$libinit$$0000002E  c_w.l(libinit2.o)
    0x08000226   0x00000000   Code   RO         2902    .ARM.Collect$$libinit$$00000030  c_w.l(libinit2.o)
    0x08000226   0x00000000   Code   RO         2904    .ARM.Collect$$libinit$$00000032  c_w.l(libinit2.o)
    0x08000226   0x00000002   Code   RO         2905    .ARM.Collect$$libinit$$00000033  c_w.l(libinit2.o)
    0x08000228   0x00000002   Code   RO         2936    .ARM.Collect$$libshutdown$$00000000  c_w.l(libshutdown.o)
    0x0800022a   0x00000000   Code   RO         2962    .ARM.Collect$$libshutdown$$00000002  c_w.l(libshutdown2.o)
    0x0800022a   0x00000000   Code   RO         2964    .ARM.Collect$$libshutdown$$00000004  c_w.l(libshutdown2.o)
    0x0800022a   0x00000000   Code   RO         2967    .ARM.Collect$$libshutdown$$00000007  c_w.l(libshutdown2.o)
    0x0800022a   0x00000000   Code   RO         2970    .ARM.Collect$$libshutdown$$0000000A  c_w.l(libshutdown2.o)
    0x0800022a   0x00000000   Code   RO         2972    .ARM.Collect$$libshutdown$$0000000C  c_w.l(libshutdown2.o)
    0x0800022a   0x00000000   Code   RO         2975    .ARM.Collect$$libshutdown$$0000000F  c_w.l(libshutdown2.o)
    0x0800022a   0x00000002   Code   RO         2976    .ARM.Collect$$libshutdown$$00000010  c_w.l(libshutdown2.o)
    0x0800022c   0x00000000   Code   RO         2814    .ARM.Collect$$rtentry$$00000000  c_w.l(__rtentry.o)
    0x0800022c   0x00000000   Code   RO         2820    .ARM.Collect$$rtentry$$00000002  c_w.l(__rtentry2.o)
    0x0800022c   0x00000006   Code   RO         2832    .ARM.Collect$$rtentry$$00000004  c_w.l(__rtentry4.o)
    0x08000232   0x00000000   Code   RO         2822    .ARM.Collect$$rtentry$$00000009  c_w.l(__rtentry2.o)
    0x08000232   0x00000004   Code   RO         2823    .ARM.Collect$$rtentry$$0000000A  c_w.l(__rtentry2.o)
    0x08000236   0x00000000   Code   RO         2825    .ARM.Collect$$rtentry$$0000000C  c_w.l(__rtentry2.o)
    0x08000236   0x00000008   Code   RO         2826    .ARM.Collect$$rtentry$$0000000D  c_w.l(__rtentry2.o)
    0x0800023e   0x00000002   Code   RO         2853    .ARM.Collect$$rtexit$$00000000  c_w.l(rtexit.o)
    0x08000240   0x00000000   Code   RO         2909    .ARM.Collect$$rtexit$$00000002  c_w.l(rtexit2.o)
    0x08000240   0x00000004   Code   RO         2910    .ARM.Collect$$rtexit$$00000003  c_w.l(rtexit2.o)
    0x08000244   0x00000006   Code   RO         2911    .ARM.Collect$$rtexit$$00000004  c_w.l(rtexit2.o)
    0x0800024a   0x00000002   PAD
    0x0800024c   0x00000040   Code   RO            4    .text               startup_stm32f429xx.o
    0x0800028c   0x000000ee   Code   RO         2806    .text               c_w.l(lludivv7m.o)
    0x0800037a   0x0000004e   Code   RO         2808    .text               c_w.l(rt_memclr_w.o)
    0x080003c8   0x00000006   Code   RO         2810    .text               c_w.l(heapauxi.o)
    0x080003ce   0x0000004a   Code   RO         2836    .text               c_w.l(sys_stackheap_outer.o)
    0x08000418   0x00000012   Code   RO         2838    .text               c_w.l(exit.o)
    0x0800042a   0x00000002   PAD
    0x0800042c   0x00000008   Code   RO         2850    .text               c_w.l(libspace.o)
    0x08000434   0x0000000c   Code   RO         2906    .text               c_w.l(sys_exit.o)
    0x08000440   0x00000002   Code   RO         2925    .text               c_w.l(use_no_semi.o)
    0x08000442   0x00000000   Code   RO         2927    .text               c_w.l(indicate_semi.o)
    0x08000442   0x00000002   PAD
    0x08000444   0x0000000c   Code   RO          214    i.BSP_SD_GetCardInfo  bsp_driver_sd.o
    0x08000450   0x00000018   Code   RO          215    i.BSP_SD_GetCardState  bsp_driver_sd.o
    0x08000468   0x00000030   Code   RO          217    i.BSP_SD_Init       bsp_driver_sd.o
    0x08000498   0x0000000e   Code   RO          218    i.BSP_SD_IsDetected  bsp_driver_sd.o
    0x080004a6   0x00000002   PAD
    0x080004a8   0x00000020   Code   RO          219    i.BSP_SD_ReadBlocks  bsp_driver_sd.o
    0x080004c8   0x00000020   Code   RO          222    i.BSP_SD_WriteBlocks  bsp_driver_sd.o
    0x080004e8   0x00000002   Code   RO          430    i.BusFault_Handler  stm32f4xx_it.o
    0x080004ea   0x00000002   Code   RO          431    i.DebugMon_Handler  stm32f4xx_it.o
    0x080004ec   0x00000006   Code   RO         2733    i.FATFS_LinkDriver  ff_gen_drv.o
    0x080004f2   0x00000002   PAD
    0x080004f4   0x00000040   Code   RO         2734    i.FATFS_LinkDriverEx  ff_gen_drv.o
    0x08000534   0x00000024   Code   RO         1498    i.HAL_Delay         stm32f4xx_hal.o
    0x08000558   0x00000234   Code   RO          948    i.HAL_GPIO_Init     stm32f4xx_hal_gpio.o
    0x0800078c   0x0000000c   Code   RO         1506    i.HAL_GetTick       stm32f4xx_hal.o
    0x08000798   0x00000010   Code   RO         1512    i.HAL_IncTick       stm32f4xx_hal.o
    0x080007a8   0x00000034   Code   RO         1513    i.HAL_Init          stm32f4xx_hal.o
    0x080007dc   0x00000040   Code   RO         1514    i.HAL_InitTick      stm32f4xx_hal.o
    0x0800081c   0x00000030   Code   RO          505    i.HAL_MspInit       stm32f4xx_hal_msp.o
    0x0800084c   0x00000040   Code   RO         1362    i.HAL_NVIC_SetPriority  stm32f4xx_hal_cortex.o
    0x0800088c   0x00000024   Code   RO         1363    i.HAL_NVIC_SetPriorityGrouping  stm32f4xx_hal_cortex.o
    0x080008b0   0x00000070   Code   RO         1284    i.HAL_PWREx_EnableOverDrive  stm32f4xx_hal_pwr_ex.o
    0x08000920   0x00000134   Code   RO          542    i.HAL_RCC_ClockConfig  stm32f4xx_hal_rcc.o
    0x08000a54   0x00000064   Code   RO          551    i.HAL_RCC_GetSysClockFreq  stm32f4xx_hal_rcc.o
    0x08000ab8   0x0000036c   Code   RO          554    i.HAL_RCC_OscConfig  stm32f4xx_hal_rcc.o
    0x08000e24   0x00000118   Code   RO         2050    i.HAL_SD_ConfigWideBusOperation  stm32f4xx_hal_sd.o
    0x08000f3c   0x00000198   Code   RO         2055    i.HAL_SD_GetCardCSD  stm32f4xx_hal_sd.o
    0x080010d4   0x00000024   Code   RO         2056    i.HAL_SD_GetCardInfo  stm32f4xx_hal_sd.o
    0x080010f8   0x0000002c   Code   RO         2057    i.HAL_SD_GetCardState  stm32f4xx_hal_sd.o
    0x08001124   0x00000036   Code   RO         2062    i.HAL_SD_Init       stm32f4xx_hal_sd.o
    0x0800115a   0x00000002   PAD
    0x0800115c   0x0000007c   Code   RO         2063    i.HAL_SD_InitCard   stm32f4xx_hal_sd.o
    0x080011d8   0x00000094   Code   RO          507    i.HAL_SD_MspInit    stm32f4xx_hal_msp.o
    0x0800126c   0x000001e0   Code   RO         2066    i.HAL_SD_ReadBlocks  stm32f4xx_hal_sd.o
    0x0800144c   0x000001b0   Code   RO         2071    i.HAL_SD_WriteBlocks  stm32f4xx_hal_sd.o
    0x080015fc   0x00000028   Code   RO         1367    i.HAL_SYSTICK_Config  stm32f4xx_hal_cortex.o
    0x08001624   0x00000002   Code   RO          432    i.HardFault_Handler  stm32f4xx_it.o
    0x08001626   0x00000002   PAD
    0x08001628   0x0000001c   Code   RO          392    i.MX_FATFS_Init     fatfs.o
    0x08001644   0x0000004c   Code   RO           15    i.MX_GPIO_Init      main.o
    0x08001690   0x00000002   Code   RO          433    i.MemManage_Handler  stm32f4xx_it.o
    0x08001692   0x00000002   PAD
    0x08001694   0x00000020   Code   RO           16    i.Mount_SD          main.o
    0x080016b4   0x00000002   Code   RO          434    i.NMI_Handler       stm32f4xx_it.o
    0x080016b6   0x00000002   Code   RO          435    i.PendSV_Handler    stm32f4xx_it.o
    0x080016b8   0x00000054   Code   RO           17    i.ReadFromFile      main.o
    0x0800170c   0x00000024   Code   RO         1761    i.SDIO_ConfigData   stm32f4xx_ll_sdmmc.o
    0x08001730   0x00000008   Code   RO         1765    i.SDIO_GetPowerState  stm32f4xx_ll_sdmmc.o
    0x08001738   0x00000006   Code   RO         1766    i.SDIO_GetResponse  stm32f4xx_ll_sdmmc.o
    0x0800173e   0x00000024   Code   RO         1767    i.SDIO_Init         stm32f4xx_ll_sdmmc.o
    0x08001762   0x00000008   Code   RO         1769    i.SDIO_PowerState_ON  stm32f4xx_ll_sdmmc.o
    0x0800176a   0x00000006   Code   RO         1770    i.SDIO_ReadFIFO     stm32f4xx_ll_sdmmc.o
    0x08001770   0x00000020   Code   RO         1771    i.SDIO_SendCommand  stm32f4xx_ll_sdmmc.o
    0x08001790   0x0000000a   Code   RO         1773    i.SDIO_WriteFIFO    stm32f4xx_ll_sdmmc.o
    0x0800179a   0x00000032   Code   RO         1774    i.SDMMC_CmdAppCommand  stm32f4xx_ll_sdmmc.o
    0x080017cc   0x00000034   Code   RO         1775    i.SDMMC_CmdAppOperCommand  stm32f4xx_ll_sdmmc.o
    0x08001800   0x00000032   Code   RO         1776    i.SDMMC_CmdBlockLength  stm32f4xx_ll_sdmmc.o
    0x08001832   0x00000032   Code   RO         1777    i.SDMMC_CmdBusWidth  stm32f4xx_ll_sdmmc.o
    0x08001864   0x00000050   Code   RO         1781    i.SDMMC_CmdGoIdleState  stm32f4xx_ll_sdmmc.o
    0x080018b4   0x00000030   Code   RO         1783    i.SDMMC_CmdOperCond  stm32f4xx_ll_sdmmc.o
    0x080018e4   0x00000032   Code   RO         1784    i.SDMMC_CmdReadMultiBlock  stm32f4xx_ll_sdmmc.o
    0x08001916   0x00000032   Code   RO         1785    i.SDMMC_CmdReadSingleBlock  stm32f4xx_ll_sdmmc.o
    0x08001948   0x00000032   Code   RO         1788    i.SDMMC_CmdSelDesel  stm32f4xx_ll_sdmmc.o
    0x0800197a   0x0000002c   Code   RO         1789    i.SDMMC_CmdSendCID  stm32f4xx_ll_sdmmc.o
    0x080019a6   0x0000002c   Code   RO         1790    i.SDMMC_CmdSendCSD  stm32f4xx_ll_sdmmc.o
    0x080019d2   0x00000030   Code   RO         1792    i.SDMMC_CmdSendSCR  stm32f4xx_ll_sdmmc.o
    0x08001a02   0x00000032   Code   RO         1793    i.SDMMC_CmdSendStatus  stm32f4xx_ll_sdmmc.o
    0x08001a34   0x00000030   Code   RO         1794    i.SDMMC_CmdSetRelAdd  stm32f4xx_ll_sdmmc.o
    0x08001a64   0x00000034   Code   RO         1797    i.SDMMC_CmdStopTransfer  stm32f4xx_ll_sdmmc.o
    0x08001a98   0x00000032   Code   RO         1799    i.SDMMC_CmdWriteMultiBlock  stm32f4xx_ll_sdmmc.o
    0x08001aca   0x00000032   Code   RO         1800    i.SDMMC_CmdWriteSingleBlock  stm32f4xx_ll_sdmmc.o
    0x08001afc   0x00000120   Code   RO         1801    i.SDMMC_GetCmdResp1  stm32f4xx_ll_sdmmc.o
    0x08001c1c   0x00000050   Code   RO         1802    i.SDMMC_GetCmdResp2  stm32f4xx_ll_sdmmc.o
    0x08001c6c   0x00000044   Code   RO         1803    i.SDMMC_GetCmdResp3  stm32f4xx_ll_sdmmc.o
    0x08001cb0   0x00000088   Code   RO         1804    i.SDMMC_GetCmdResp6  stm32f4xx_ll_sdmmc.o
    0x08001d38   0x00000058   Code   RO         1805    i.SDMMC_GetCmdResp7  stm32f4xx_ll_sdmmc.o
    0x08001d90   0x00000020   Code   RO          332    i.SD_CheckStatus    sd_diskio.o
    0x08001db0   0x000000e0   Code   RO         2079    i.SD_FindSCR        stm32f4xx_hal_sd.o
    0x08001e90   0x000000ee   Code   RO         2080    i.SD_InitCard       stm32f4xx_hal_sd.o
    0x08001f7e   0x00000002   PAD
    0x08001f80   0x000000b4   Code   RO         2081    i.SD_PowerON        stm32f4xx_hal_sd.o
    0x08002034   0x00000020   Code   RO          333    i.SD_initialize     sd_diskio.o
    0x08002054   0x00000050   Code   RO          334    i.SD_ioctl          sd_diskio.o
    0x080020a4   0x00000026   Code   RO          335    i.SD_read           sd_diskio.o
    0x080020ca   0x00000004   Code   RO          336    i.SD_status         sd_diskio.o
    0x080020ce   0x00000002   PAD
    0x080020d0   0x00000026   Code   RO          337    i.SD_write          sd_diskio.o
    0x080020f6   0x00000002   Code   RO          436    i.SVC_Handler       stm32f4xx_it.o
    0x080020f8   0x00000004   Code   RO          437    i.SysTick_Handler   stm32f4xx_it.o
    0x080020fc   0x0000009c   Code   RO           18    i.SystemClock_Config  main.o
    0x08002198   0x00000010   Code   RO         2309    i.SystemInit        system_stm32f4xx.o
    0x080021a8   0x00000002   Code   RO          438    i.UsageFault_Handler  stm32f4xx_it.o
    0x080021aa   0x00000002   PAD
    0x080021ac   0x00000018   Code   RO           19    i.WriteToSD_Sector  main.o
    0x080021c4   0x00000020   Code   RO         1369    i.__NVIC_SetPriority  stm32f4xx_hal_cortex.o
    0x080021e4   0x00000070   Code   RO         2401    i.check_fs          ff.o
    0x08002254   0x0000005c   Code   RO         2402    i.chk_lock          ff.o
    0x080022b0   0x00000020   Code   RO         2403    i.clear_lock        ff.o
    0x080022d0   0x00000026   Code   RO         2404    i.clmt_clust        ff.o
    0x080022f6   0x00000018   Code   RO         2405    i.clust2sect        ff.o
    0x0800230e   0x000000a4   Code   RO         2406    i.create_chain      ff.o
    0x080023b2   0x00000002   PAD
    0x080023b4   0x000000bc   Code   RO         2407    i.create_name       ff.o
    0x08002470   0x00000034   Code   RO         2408    i.dec_lock          ff.o
    0x080024a4   0x00000064   Code   RO         2409    i.dir_find          ff.o
    0x08002508   0x00000102   Code   RO         2410    i.dir_next          ff.o
    0x0800260a   0x00000066   Code   RO         2412    i.dir_register      ff.o
    0x08002670   0x0000008e   Code   RO         2414    i.dir_sdi           ff.o
    0x080026fe   0x00000002   PAD
    0x08002700   0x0000002c   Code   RO         2346    i.disk_initialize   diskio.o
    0x0800272c   0x0000001c   Code   RO         2347    i.disk_ioctl        diskio.o
    0x08002748   0x0000001c   Code   RO         2348    i.disk_read         diskio.o
    0x08002764   0x00000018   Code   RO         2349    i.disk_status       diskio.o
    0x0800277c   0x0000001c   Code   RO         2350    i.disk_write        diskio.o
    0x08002798   0x00000028   Code   RO         2415    i.f_close           ff.o
    0x080027c0   0x00000058   Code   RO         2422    i.f_mount           ff.o
    0x08002818   0x0000021c   Code   RO         2423    i.f_open            ff.o
    0x08002a34   0x00000176   Code   RO         2428    i.f_read            ff.o
    0x08002baa   0x0000008e   Code   RO         2432    i.f_sync            ff.o
    0x08002c38   0x00000288   Code   RO         2436    i.find_volume       ff.o
    0x08002ec0   0x0000007a   Code   RO         2437    i.follow_path       ff.o
    0x08002f3a   0x000000e8   Code   RO         2438    i.get_fat           ff.o
    0x08003022   0x00000004   Code   RO          393    i.get_fattime       fatfs.o
    0x08003026   0x0000003c   Code   RO         2440    i.get_ldnumber      ff.o
    0x08003062   0x00000002   PAD
    0x08003064   0x00000080   Code   RO         2441    i.inc_lock          ff.o
    0x080030e4   0x00000026   Code   RO         2442    i.ld_clust          ff.o
    0x0800310a   0x00000016   Code   RO         2443    i.ld_dword          ff.o
    0x08003120   0x0000000a   Code   RO         2444    i.ld_word           ff.o
    0x0800312a   0x00000002   PAD
    0x0800312c   0x00000094   Code   RO           21    i.main              main.o
    0x080031c0   0x00000012   Code   RO         2445    i.mem_cpy           ff.o
    0x080031d2   0x00000002   PAD
    0x080031d4   0x0000000e   Code   RO         2446    i.mem_set           ff.o
    0x080031e2   0x00000032   Code   RO         2447    i.move_window       ff.o
    0x08003214   0x00000124   Code   RO         2448    i.put_fat           ff.o
    0x08003338   0x00000074   Code   RO         2451    i.remove_chain      ff.o
    0x080033ac   0x00000028   Code   RO         2452    i.st_clust          ff.o
    0x080033d4   0x00000010   Code   RO         2453    i.st_dword          ff.o
    0x080033e4   0x00000008   Code   RO         2454    i.st_word           ff.o
    0x080033ec   0x00000088   Code   RO         2455    i.sync_fs           ff.o
    0x08003474   0x00000052   Code   RO         2456    i.sync_window       ff.o
    0x080034c6   0x00000034   Code   RO         2457    i.validate          ff.o
    0x080034fa   0x0000000a   Code   RO         2921    x$fpl$fpinit        fz_wm.l(fpinit.o)
    0x08003504   0x00000014   Data   RO          338    .constdata          sd_diskio.o
    0x08003518   0x00000010   Data   RO         2310    .constdata          system_stm32f4xx.o
    0x08003528   0x0000009c   Data   RO         2459    .constdata          ff.o
    0x080035c4   0x00000020   Data   RO         2977    Region$$Table       anon$$obj.o


    Execution Region RW_IRAM2 (Base: 0x10000000, Size: 0x00000000, Max: 0x00010000, ABSOLUTE)

    **** No section assigned to this execution region ****


    Execution Region RW_IRAM1 (Base: 0x20000000, Size: 0x00003848, Max: 0x00030000, ABSOLUTE)

    Base Addr    Size         Type   Attr      Idx    E Section Name        Object

    0x20000000   0x0000002f   Data   RW           25    .data               main.o
    0x2000002f   0x00000001   Data   RW          339    .data               sd_diskio.o
    0x20000030   0x00000005   Data   RW          396    .data               fatfs.o
    0x20000035   0x00000003   PAD
    0x20000038   0x0000000c   Data   RW         1520    .data               stm32f4xx_hal.o
    0x20000044   0x00000004   Data   RW         2312    .data               system_stm32f4xx.o
    0x20000048   0x00000008   Data   RW         2460    .data               ff.o
    0x20000050   0x0000316c   Zero   RW           22    .bss                main.o
    0x200031bc   0x00000020   Zero   RW         2458    .bss                ff.o
    0x200031dc   0x0000000c   Zero   RW         2737    .bss                ff_gen_drv.o
    0x200031e8   0x00000060   Zero   RW         2851    .bss                c_w.l(libspace.o)
    0x20003248   0x00000200   Zero   RW            2    HEAP                startup_stm32f429xx.o
    0x20003448   0x00000400   Zero   RW            1    STACK               startup_stm32f429xx.o


==============================================================================

Image component sizes


      Code (inc. data)   RO Data    RW Data    ZI Data      Debug   Object Name

       162         26          0          0          0       3884   bsp_driver_sd.o
       152         24          0          0          0       3729   diskio.o
        32         10          0          5          0       1452   fatfs.o
      4572         80        156          8         32      37784   ff.o
        70          6          0          0         12       1623   ff_gen_drv.o
       520         84          0         47      12652     741419   main.o
       224         14         20          1          0       4332   sd_diskio.o
        64         26        428          0       1536        840   startup_stm32f429xx.o
       180         28          0         12          0       9529   stm32f4xx_hal.o
       172         14          0          0          0      33114   stm32f4xx_hal_cortex.o
       564         54          0          0          0       1540   stm32f4xx_hal_gpio.o
       196         24          0          0          0       1583   stm32f4xx_hal_msp.o
       112         14          0          0          0       1280   stm32f4xx_hal_pwr_ex.o
      1284         52          0          0          0       4034   stm32f4xx_hal_rcc.o
      2500         32          0          0          0      12496   stm32f4xx_hal_sd.o
        20          0          0          0          0       4058   stm32f4xx_it.o
      1668         48          0          0          0      23507   stm32f4xx_ll_sdmmc.o
        16          4         16          4          0       1095   system_stm32f4xx.o

    ----------------------------------------------------------------------
     12534        540        652         80      14232     887299   Object Totals
         0          0         32          0          0          0   (incl. Generated)
        26          0          0          3          0          0   (incl. Padding)

    ----------------------------------------------------------------------

      Code (inc. data)   RO Data    RW Data    ZI Data      Debug   Library Member Name

         8          0          0          0          0         68   __main.o
         0          0          0          0          0          0   __rtentry.o
        12          0          0          0          0          0   __rtentry2.o
         6          0          0          0          0          0   __rtentry4.o
        52          8          0          0          0          0   __scatter.o
        26          0          0          0          0          0   __scatter_copy.o
        28          0          0          0          0          0   __scatter_zi.o
        18          0          0          0          0         80   exit.o
         6          0          0          0          0        152   heapauxi.o
         0          0          0          0          0          0   indicate_semi.o
         2          0          0          0          0          0   libinit.o
         6          0          0          0          0          0   libinit2.o
         2          0          0          0          0          0   libshutdown.o
         2          0          0          0          0          0   libshutdown2.o
         8          4          0          0         96         68   libspace.o
       238          0          0          0          0        100   lludivv7m.o
        78          0          0          0          0         80   rt_memclr_w.o
         2          0          0          0          0          0   rtexit.o
        10          0          0          0          0          0   rtexit2.o
        12          4          0          0          0         68   sys_exit.o
        74          0          0          0          0         80   sys_stackheap_outer.o
         2          0          0          0          0         68   use_no_semi.o
        10          0          0          0          0        116   fpinit.o

    ----------------------------------------------------------------------
       610         16          0          0         96        880   Library Totals
         8          0          0          0          0          0   (incl. Padding)

    ----------------------------------------------------------------------

      Code (inc. data)   RO Data    RW Data    ZI Data      Debug   Library Name

       592         16          0          0         96        764   c_w.l
        10          0          0          0          0        116   fz_wm.l

    ----------------------------------------------------------------------
       610         16          0          0         96        880   Library Totals

    ----------------------------------------------------------------------

==============================================================================


      Code (inc. data)   RO Data    RW Data    ZI Data      Debug   

     13144        556        652         80      14328     875719   Grand Totals
     13144        556        652         80      14328     875719   ELF Image Totals
     13144        556        652         80          0          0   ROM Totals

==============================================================================

    Total RO  Size (Code + RO Data)                13796 (  13.47kB)
    Total RW  Size (RW Data + ZI Data)             14408 (  14.07kB)
    Total ROM Size (Code + RO Data + RW Data)      13876 (  13.55kB)

==============================================================================

